=== [A] foulbrood 남은 2종 학습 (stage 2) ===

=== extended baselines: lsnet_t mambavision   (log: ./results/run_extended_20260908_011227.log) ===

=== stage 2 - learning-rate search and hive-grouped 3-fold training ===
+ python ./train_cv.py --data-root ./data --task you_foulbrood --models lsnet_t mambavision --grouped --run-tag original --manifest-dir ./results --out-dir ./results --ckpt-dir ./model_save --device cuda
/root/anaconda3/lib/python3.12/site-packages/timm/models/layers/__init__.py:48: FutureWarning: Importing from timm.models.layers is deprecated, please import via timm.layers
  warnings.warn(f"Importing from {__name__} is deprecated, please import via timm.layers", FutureWarning)
/root/anaconda3/lib/python3.12/site-packages/timm/models/registry.py:4: FutureWarning: Importing from timm.models.registry is deprecated, please import via timm.models
  warnings.warn(f"Importing from {__name__} is deprecated, please import via timm.models", FutureWarning)
/root/anaconda3/lib/python3.12/site-packages/timm/models/helpers.py:7: FutureWarning: Importing from timm.models.helpers is deprecated, please import via timm.models
  warnings.warn(f"Importing from {__name__} is deprecated, please import via timm.models", FutureWarning)
device: cuda
manifest: ./results/split_manifest_grouped_you_foulbrood.csv (3000 rows)

=== you_foulbrood / lsnet_t (ImageNet-pretrained) ===
  [lr search] lsnet_t lr=0.001
    epoch   0  train 0.2874  val 0.1808  val BA 0.9353  (37.0s)
    epoch   1  train 0.1234  val 0.0870  val BA 0.9706  (29.1s)
    epoch   2  train 0.0925  val 0.0791  val BA 0.9765  (25.7s)
    epoch   3  train 0.1003  val 0.1415  val BA 0.9298  (28.5s)
    epoch   4  train 0.0745  val 0.1165  val BA 0.9608  (30.7s)
    epoch   5  train 0.0397  val 0.0566  val BA 0.9769  (30.8s)
    epoch   6  train 0.0959  val 0.0863  val BA 0.9706  (27.6s)
    epoch   7  train 0.0635  val 0.0754  val BA 0.9824  (28.1s)
    epoch   8  train 0.0372  val 0.1089  val BA 0.9765  (24.3s)
    epoch   9  train 0.0159  val 0.0805  val BA 0.9824  (28.2s)
    epoch  10  train 0.0269  val 0.1638  val BA 0.9259  (32.8s)
    epoch  11  train 0.0579  val 0.1748  val BA 0.9706  (34.2s)
    epoch  12  train 0.0379  val 0.0776  val BA 0.9663  (31.2s)
    epoch  13  train 0.0304  val 0.1325  val BA 0.9443  (29.4s)
    epoch  14  train 0.0259  val 0.0672  val BA 0.9655  (32.4s)
    epoch  15  train 0.0134  val 0.0695  val BA 0.9824  (28.3s)
    early stop at epoch 15 (best epoch 5, val loss 0.0566)
  [lr search] lsnet_t lr=0.001 -> fold-0 val BA 0.9769
  [lr search] lsnet_t lr=0.0003
    epoch   0  train 0.4611  val 0.3470  val BA 0.8824  (30.4s)
    epoch   1  train 0.1881  val 0.1095  val BA 0.9765  (26.9s)
    epoch   2  train 0.1153  val 0.0768  val BA 0.9706  (29.5s)
    epoch   3  train 0.0787  val 0.0606  val BA 0.9765  (26.4s)
    epoch   4  train 0.0600  val 0.0592  val BA 0.9886  (27.8s)
    epoch   5  train 0.0421  val 0.0446  val BA 0.9824  (34.8s)
    epoch   6  train 0.0250  val 0.0380  val BA 0.9824  (32.6s)
    epoch   7  train 0.0290  val 0.0435  val BA 0.9827  (31.9s)
    epoch   8  train 0.0159  val 0.0388  val BA 0.9824  (36.1s)
    epoch   9  train 0.0111  val 0.0570  val BA 0.9769  (36.8s)
    epoch  10  train 0.0117  val 0.0557  val BA 0.9718  (35.4s)
    epoch  11  train 0.0073  val 0.0632  val BA 0.9769  (32.9s)
    epoch  12  train 0.0109  val 0.2124  val BA 0.9447  (30.5s)
    epoch  13  train 0.0167  val 0.1083  val BA 0.9608  (31.3s)
    epoch  14  train 0.0162  val 0.0840  val BA 0.9706  (31.4s)
    epoch  15  train 0.0209  val 0.0520  val BA 0.9882  (35.3s)
    epoch  16  train 0.0373  val 0.0599  val BA 0.9827  (39.3s)
    early stop at epoch 16 (best epoch 6, val loss 0.0380)
  [lr search] lsnet_t lr=0.0003 -> fold-0 val BA 0.9824
  [lr search] lsnet_t lr=0.0001
    epoch   0  train 0.6152  val 0.5337  val BA 0.8384  (38.6s)
    epoch   1  train 0.4270  val 0.3817  val BA 0.9122  (36.1s)
    epoch   2  train 0.3026  val 0.2347  val BA 0.9706  (36.1s)
    epoch   3  train 0.2323  val 0.1733  val BA 0.9765  (34.3s)
    epoch   4  train 0.1800  val 0.1422  val BA 0.9765  (38.2s)
    epoch   5  train 0.1540  val 0.1108  val BA 0.9765  (31.0s)
    epoch   6  train 0.1146  val 0.0993  val BA 0.9824  (28.3s)
    epoch   7  train 0.1089  val 0.0856  val BA 0.9824  (31.7s)
    epoch   8  train 0.0847  val 0.0796  val BA 0.9824  (36.7s)
    epoch   9  train 0.0796  val 0.0738  val BA 0.9827  (37.1s)
    epoch  10  train 0.0607  val 0.0710  val BA 0.9824  (39.1s)
    epoch  11  train 0.0468  val 0.0710  val BA 0.9824  (32.7s)
    epoch  12  train 0.0526  val 0.0762  val BA 0.9827  (40.7s)
    epoch  13  train 0.0347  val 0.2634  val BA 0.9772  (34.5s)
    epoch  14  train 0.0297  val 0.0664  val BA 0.9827  (37.1s)
    epoch  15  train 0.0215  val 0.0636  val BA 0.9827  (35.4s)
    epoch  16  train 0.0243  val 0.0639  val BA 0.9827  (28.7s)
    epoch  17  train 0.0303  val 0.0647  val BA 0.9827  (33.2s)
    epoch  18  train 0.0221  val 0.0637  val BA 0.9882  (30.6s)
    epoch  19  train 0.0170  val 0.0613  val BA 0.9882  (30.7s)
    epoch  20  train 0.0188  val 0.0714  val BA 0.9718  (30.4s)
    epoch  21  train 0.0171  val 0.0621  val BA 0.9827  (32.7s)
    epoch  22  train 0.0151  val 0.0663  val BA 0.9827  (31.3s)
    epoch  23  train 0.0096  val 0.0647  val BA 0.9827  (28.4s)
    epoch  24  train 0.0186  val 0.0728  val BA 0.9769  (28.2s)
    epoch  25  train 0.0196  val 0.0716  val BA 0.9882  (32.6s)
    epoch  26  train 0.0154  val 0.0723  val BA 0.9882  (30.5s)
    epoch  27  train 0.0139  val 0.0712  val BA 0.9882  (29.0s)
    epoch  28  train 0.0142  val 0.0565  val BA 0.9882  (34.3s)
    epoch  29  train 0.0120  val 0.0546  val BA 0.9882  (27.6s)
    epoch  30  train 0.0056  val 0.0510  val BA 0.9882  (33.1s)
    epoch  31  train 0.0140  val 0.0884  val BA 0.9706  (29.8s)
    epoch  32  train 0.0117  val 0.0595  val BA 0.9882  (29.7s)
    epoch  33  train 0.0073  val 0.0579  val BA 0.9882  (30.4s)
    epoch  34  train 0.0051  val 0.0614  val BA 0.9882  (29.9s)
    epoch  35  train 0.0071  val 0.0628  val BA 0.9882  (25.3s)
    epoch  36  train 0.0055  val 0.0654  val BA 0.9882  (24.5s)
    epoch  37  train 0.0106  val 0.0669  val BA 0.9882  (24.1s)
    epoch  38  train 0.0057  val 0.0691  val BA 0.9882  (20.4s)
    epoch  39  train 0.0155  val 0.0935  val BA 0.9718  (19.1s)
    epoch  40  train 0.0068  val 0.0625  val BA 0.9882  (21.8s)
    early stop at epoch 40 (best epoch 30, val loss 0.0510)
  [lr search] lsnet_t lr=0.0001 -> fold-0 val BA 0.9882
  [lr search] lsnet_t lr=3e-05
    epoch   0  train 0.6768  val 0.6759  val BA 0.6427  (18.7s)
    epoch   1  train 0.5837  val 1.1003  val BA 0.8317  (19.8s)
    epoch   2  train 0.5020  val 0.4518  val BA 0.9012  (23.7s)
    epoch   3  train 0.4522  val 0.3919  val BA 0.9529  (23.1s)
    epoch   4  train 0.3965  val 0.3384  val BA 0.9647  (20.3s)
    epoch   5  train 0.3622  val 0.2973  val BA 0.9647  (21.4s)
    epoch   6  train 0.3149  val 0.2681  val BA 0.9588  (29.1s)
    epoch   7  train 0.2918  val 0.2314  val BA 0.9647  (27.1s)
    epoch   8  train 0.2510  val 0.2081  val BA 0.9706  (31.9s)
    epoch   9  train 0.2304  val 0.1913  val BA 0.9765  (30.1s)
    epoch  10  train 0.2024  val 0.1725  val BA 0.9765  (31.7s)
    epoch  11  train 0.1889  val 0.1588  val BA 0.9765  (35.6s)
    epoch  12  train 0.1803  val 0.1430  val BA 0.9824  (24.5s)
    epoch  13  train 0.1548  val 0.1336  val BA 0.9824  (25.4s)
    epoch  14  train 0.1365  val 0.1309  val BA 0.9824  (23.7s)
    epoch  15  train 0.1319  val 0.1207  val BA 0.9824  (24.2s)
    epoch  16  train 0.1185  val 0.1154  val BA 0.9824  (25.6s)
    epoch  17  train 0.1296  val 0.1071  val BA 0.9824  (27.6s)
    epoch  18  train 0.1154  val 0.1008  val BA 0.9824  (26.7s)
    epoch  19  train 0.1056  val 0.0980  val BA 0.9824  (30.2s)
    epoch  20  train 0.0967  val 0.0989  val BA 0.9769  (32.1s)
    epoch  21  train 0.0818  val 0.0922  val BA 0.9827  (32.4s)
    epoch  22  train 0.0904  val 0.0938  val BA 0.9827  (30.3s)
    epoch  23  train 0.0674  val 0.0869  val BA 0.9827  (22.4s)
    epoch  24  train 0.0830  val 0.0872  val BA 0.9827  (23.4s)
    epoch  25  train 0.0749  val 0.0863  val BA 0.9827  (27.0s)
    epoch  26  train 0.0646  val 0.0783  val BA 0.9827  (27.9s)
    epoch  27  train 0.0551  val 0.0788  val BA 0.9769  (26.8s)
    epoch  28  train 0.0538  val 0.0845  val BA 0.9714  (24.5s)
    epoch  29  train 0.0476  val 0.0769  val BA 0.9769  (25.0s)
    epoch  30  train 0.0360  val 0.0787  val BA 0.9769  (26.6s)
    epoch  31  train 0.0553  val 0.0767  val BA 0.9769  (27.9s)
    epoch  32  train 0.0478  val 0.0784  val BA 0.9827  (27.4s)
    epoch  33  train 0.0375  val 0.0758  val BA 0.9827  (24.3s)
    epoch  34  train 0.0313  val 0.0821  val BA 0.9769  (24.6s)
    epoch  35  train 0.0337  val 0.0827  val BA 0.9769  (24.8s)
    epoch  36  train 0.0296  val 0.0742  val BA 0.9769  (23.1s)
    epoch  37  train 0.0258  val 0.0774  val BA 0.9827  (21.1s)
    epoch  38  train 0.0265  val 0.0747  val BA 0.9769  (30.7s)
    epoch  39  train 0.0398  val 0.0848  val BA 0.9827  (20.7s)
    epoch  40  train 0.0215  val 0.0759  val BA 0.9769  (24.9s)
    epoch  41  train 0.0287  val 0.0774  val BA 0.9710  (22.2s)
    epoch  42  train 0.0269  val 0.0628  val BA 0.9827  (22.7s)
    epoch  43  train 0.0238  val 0.0719  val BA 0.9827  (29.3s)
    epoch  44  train 0.0165  val 0.0646  val BA 0.9769  (28.3s)
    epoch  45  train 0.0176  val 0.0706  val BA 0.9769  (28.0s)
    epoch  46  train 0.0276  val 0.0699  val BA 0.9769  (21.8s)
    epoch  47  train 0.0199  val 0.0644  val BA 0.9769  (24.0s)
    epoch  48  train 0.0181  val 0.0656  val BA 0.9769  (26.9s)
    epoch  49  train 0.0201  val 0.0607  val BA 0.9769  (26.9s)
  [lr search] lsnet_t lr=3e-05 -> fold-0 val BA 0.9769
  selected lr=0.0001 (fold-0 val BA 0.9882); fixed for all folds
  -- fold 0
    epoch   0  train 0.6152  val 0.5337  val BA 0.8384  (30.8s)
    epoch   1  train 0.4270  val 0.3817  val BA 0.9122  (22.3s)
    epoch   2  train 0.3026  val 0.2347  val BA 0.9706  (19.4s)
    epoch   3  train 0.2323  val 0.1733  val BA 0.9765  (26.4s)
    epoch   4  train 0.1800  val 0.1422  val BA 0.9765  (24.1s)
    epoch   5  train 0.1540  val 0.1108  val BA 0.9765  (26.2s)
    epoch   6  train 0.1146  val 0.0993  val BA 0.9824  (26.2s)
    epoch   7  train 0.1089  val 0.0856  val BA 0.9824  (21.3s)
    epoch   8  train 0.0847  val 0.0796  val BA 0.9824  (22.9s)
    epoch   9  train 0.0796  val 0.0738  val BA 0.9827  (24.7s)
    epoch  10  train 0.0607  val 0.0710  val BA 0.9824  (22.4s)
    epoch  11  train 0.0468  val 0.0710  val BA 0.9824  (22.2s)
    epoch  12  train 0.0526  val 0.0762  val BA 0.9827  (25.5s)
    epoch  13  train 0.0347  val 0.2634  val BA 0.9772  (20.3s)
    epoch  14  train 0.0297  val 0.0664  val BA 0.9827  (24.8s)
    epoch  15  train 0.0215  val 0.0636  val BA 0.9827  (27.0s)
    epoch  16  train 0.0243  val 0.0639  val BA 0.9827  (23.7s)
    epoch  17  train 0.0303  val 0.0647  val BA 0.9827  (28.2s)
    epoch  18  train 0.0221  val 0.0637  val BA 0.9882  (24.0s)
    epoch  19  train 0.0170  val 0.0613  val BA 0.9882  (19.3s)
    epoch  20  train 0.0188  val 0.0714  val BA 0.9718  (17.2s)
    epoch  21  train 0.0171  val 0.0621  val BA 0.9827  (22.5s)
    epoch  22  train 0.0151  val 0.0663  val BA 0.9827  (22.3s)
    epoch  23  train 0.0096  val 0.0647  val BA 0.9827  (24.5s)
    epoch  24  train 0.0186  val 0.0728  val BA 0.9769  (20.8s)
    epoch  25  train 0.0196  val 0.0716  val BA 0.9882  (22.2s)
    epoch  26  train 0.0154  val 0.0723  val BA 0.9882  (26.5s)
    epoch  27  train 0.0139  val 0.0712  val BA 0.9882  (22.0s)
    epoch  28  train 0.0142  val 0.0565  val BA 0.9882  (21.8s)
    epoch  29  train 0.0120  val 0.0546  val BA 0.9882  (21.6s)
    epoch  30  train 0.0056  val 0.0510  val BA 0.9882  (24.9s)
    epoch  31  train 0.0140  val 0.0884  val BA 0.9706  (20.9s)
    epoch  32  train 0.0117  val 0.0595  val BA 0.9882  (18.1s)
    epoch  33  train 0.0073  val 0.0579  val BA 0.9882  (24.2s)
    epoch  34  train 0.0051  val 0.0614  val BA 0.9882  (22.5s)
    epoch  35  train 0.0071  val 0.0628  val BA 0.9882  (22.3s)
    epoch  36  train 0.0055  val 0.0654  val BA 0.9882  (20.1s)
    epoch  37  train 0.0106  val 0.0669  val BA 0.9882  (19.5s)
    epoch  38  train 0.0057  val 0.0691  val BA 0.9882  (21.0s)
    epoch  39  train 0.0155  val 0.0935  val BA 0.9718  (24.6s)
    epoch  40  train 0.0068  val 0.0625  val BA 0.9882  (22.0s)
    early stop at epoch 40 (best epoch 30, val loss 0.0510)
     checkpoint -> ./model_save/you_foulbrood/fold0_original/lsnet_t.pt
     fold 0 test BA = 0.9609
  -- fold 1
    epoch   0  train 0.5924  val 0.5510  val BA 0.8873  (24.3s)
    epoch   1  train 0.3846  val 0.3899  val BA 0.9328  (28.5s)
    epoch   2  train 0.2734  val 0.2260  val BA 0.9562  (23.6s)
    epoch   3  train 0.1971  val 0.1845  val BA 0.9609  (22.5s)
    epoch   4  train 0.1682  val 0.1554  val BA 0.9609  (33.3s)
    epoch   5  train 0.1418  val 0.1465  val BA 0.9609  (22.0s)
    epoch   6  train 0.1272  val 0.1376  val BA 0.9609  (27.5s)
    epoch   7  train 0.0997  val 0.1344  val BA 0.9609  (23.6s)
    epoch   8  train 0.0822  val 0.1188  val BA 0.9591  (25.4s)
    epoch   9  train 0.0711  val 0.1298  val BA 0.9591  (26.1s)
    epoch  10  train 0.0626  val 0.1187  val BA 0.9656  (25.3s)
    epoch  11  train 0.0763  val 0.1346  val BA 0.9527  (23.7s)
    epoch  12  train 0.0464  val 0.1302  val BA 0.9574  (25.1s)
    epoch  13  train 0.0388  val 0.1166  val BA 0.9638  (26.0s)
    epoch  14  train 0.0282  val 0.1342  val BA 0.9656  (26.0s)
    epoch  15  train 0.0265  val 0.1295  val BA 0.9656  (29.6s)
    epoch  16  train 0.0212  val 0.1016  val BA 0.9685  (30.8s)
    epoch  17  train 0.0230  val 0.1197  val BA 0.9702  (32.7s)
    epoch  18  train 0.0147  val 0.1401  val BA 0.9638  (30.0s)
    epoch  19  train 0.0225  val 0.1179  val BA 0.9428  (34.8s)
    epoch  20  train 0.0245  val 0.1224  val BA 0.9702  (40.2s)
    epoch  21  train 0.0122  val 0.1349  val BA 0.9702  (36.1s)
    epoch  22  train 0.0114  val 0.1284  val BA 0.9702  (41.0s)
    epoch  23  train 0.0097  val 0.1258  val BA 0.9685  (36.5s)
    epoch  24  train 0.0210  val 0.1263  val BA 0.9685  (37.3s)
    epoch  25  train 0.0137  val 0.1298  val BA 0.9621  (36.8s)
    epoch  26  train 0.0167  val 0.1389  val BA 0.9702  (37.8s)
    early stop at epoch 26 (best epoch 16, val loss 0.1016)
     checkpoint -> ./model_save/you_foulbrood/fold1_original/lsnet_t.pt
     fold 1 test BA = 0.9768
  -- fold 2
    epoch   0  train 0.6009  val 0.5658  val BA 0.8713  (24.7s)
    epoch   1  train 0.3767  val 0.4226  val BA 0.9515  (25.5s)
    epoch   2  train 0.2495  val 0.2587  val BA 0.9576  (28.7s)
    epoch   3  train 0.1893  val 0.1811  val BA 0.9576  (24.2s)
    epoch   4  train 0.1510  val 0.1455  val BA 0.9576  (27.7s)
    epoch   5  train 0.1274  val 0.1324  val BA 0.9661  (27.3s)
    epoch   6  train 0.1116  val 0.1116  val BA 0.9661  (26.1s)
    epoch   7  train 0.0794  val 0.0885  val BA 0.9746  (28.8s)
    epoch   8  train 0.0724  val 0.0820  val BA 0.9746  (30.6s)
    epoch   9  train 0.0491  val 0.0708  val BA 0.9831  (29.9s)
    epoch  10  train 0.0484  val 0.0594  val BA 0.9831  (26.0s)
    epoch  11  train 0.0550  val 0.0558  val BA 0.9831  (26.6s)
    epoch  12  train 0.0289  val 0.0459  val BA 0.9915  (30.2s)
    epoch  13  train 0.0311  val 0.0449  val BA 0.9831  (31.5s)
    epoch  14  train 0.0381  val 0.0566  val BA 0.9831  (27.5s)
    epoch  15  train 0.0226  val 0.0327  val BA 0.9915  (25.7s)
    epoch  16  train 0.0214  val 0.0383  val BA 0.9915  (32.5s)
    epoch  17  train 0.0176  val 0.0418  val BA 0.9831  (28.1s)
    epoch  18  train 0.0181  val 0.0436  val BA 0.9831  (27.9s)
    epoch  19  train 0.0120  val 0.0401  val BA 0.9831  (28.8s)
    epoch  20  train 0.0207  val 0.0371  val BA 0.9831  (27.3s)
    epoch  21  train 0.0108  val 0.0299  val BA 0.9854  (27.4s)
    epoch  22  train 0.0114  val 0.0348  val BA 0.9769  (26.8s)
    epoch  23  train 0.0099  val 0.0363  val BA 0.9769  (28.2s)
    epoch  24  train 0.0097  val 0.0379  val BA 0.9769  (27.1s)
    epoch  25  train 0.0069  val 0.0355  val BA 0.9769  (26.3s)
    epoch  26  train 0.0093  val 0.0349  val BA 0.9831  (29.9s)
    epoch  27  train 0.0076  val 0.0347  val BA 0.9831  (29.0s)
    epoch  28  train 0.0102  val 0.0369  val BA 0.9831  (27.9s)
    epoch  29  train 0.0060  val 0.0354  val BA 0.9831  (28.1s)
    epoch  30  train 0.0071  val 0.0375  val BA 0.9831  (31.5s)
    epoch  31  train 0.0113  val 0.0321  val BA 0.9831  (29.2s)
    early stop at epoch 31 (best epoch 21, val loss 0.0299)
     checkpoint -> ./model_save/you_foulbrood/fold2_original/lsnet_t.pt
     fold 2 test BA = 0.9240
  wrote ./results/oof_you_foulbrood_lsnet_t_original.csv (1000 rows)

=== you_foulbrood / mambavision (ImageNet-pretrained) ===
  [lr search] mambavision lr=0.001
    epoch   0  train 0.3110  val 0.4722  val BA 0.7706  (29.8s)
    epoch   1  train 0.2874  val 0.1250  val BA 0.9706  (31.8s)
    epoch   2  train 0.1786  val 0.0838  val BA 0.9765  (30.6s)
    epoch   3  train 0.1637  val 0.1736  val BA 0.9706  (30.2s)
    epoch   4  train 0.1181  val 0.0879  val BA 0.9651  (34.0s)
    epoch   5  train 0.2316  val 0.1460  val BA 0.9529  (23.4s)
    epoch   6  train 0.1265  val 0.2685  val BA 0.9062  (28.1s)
    epoch   7  train 0.1285  val 0.5871  val BA 0.7402  (21.7s)
    epoch   8  train 0.0895  val 0.0912  val BA 0.9721  (23.7s)
    epoch   9  train 0.0987  val 0.3012  val BA 0.9059  (29.8s)
    epoch  10  train 0.0600  val 1.1987  val BA 0.8824  (31.0s)
    epoch  11  train 0.0857  val 0.1415  val BA 0.9765  (29.9s)
    epoch  12  train 0.0493  val 0.0940  val BA 0.9765  (26.9s)
    early stop at epoch 12 (best epoch 2, val loss 0.0838)
  [lr search] mambavision lr=0.001 -> fold-0 val BA 0.9765
  [lr search] mambavision lr=0.0003
    epoch   0  train 0.2350  val 0.1036  val BA 0.9706  (26.8s)
    epoch   1  train 0.1512  val 0.0762  val BA 0.9663  (24.9s)
    epoch   2  train 0.1265  val 0.0509  val BA 0.9765  (24.8s)
    epoch   3  train 0.0603  val 0.0763  val BA 0.9612  (28.9s)
    epoch   4  train 0.0354  val 0.0420  val BA 0.9882  (24.0s)
    epoch   5  train 0.0199  val 0.0632  val BA 0.9882  (22.5s)
    epoch   6  train 0.0043  val 0.1198  val BA 0.9710  (28.5s)
    epoch   7  train 0.0022  val 0.1716  val BA 0.9824  (28.4s)
    epoch   8  train 0.0010  val 0.1588  val BA 0.9824  (28.9s)
    epoch   9  train 0.0003  val 0.1454  val BA 0.9824  (31.6s)
    epoch  10  train 0.0002  val 0.1318  val BA 0.9824  (29.9s)
    epoch  11  train 0.0005  val 0.1291  val BA 0.9769  (30.6s)
    epoch  12  train 0.0074  val 0.1759  val BA 0.9824  (31.2s)
    epoch  13  train 0.1634  val 0.0735  val BA 0.9765  (28.8s)
    epoch  14  train 0.1254  val 0.1305  val BA 0.9471  (31.1s)
    early stop at epoch 14 (best epoch 4, val loss 0.0420)
  [lr search] mambavision lr=0.0003 -> fold-0 val BA 0.9882
  [lr search] mambavision lr=0.0001
    epoch   0  train 0.3128  val 0.1768  val BA 0.9176  (30.0s)
    epoch   1  train 0.1389  val 0.0878  val BA 0.9765  (25.5s)
    epoch   2  train 0.1174  val 0.0567  val BA 0.9824  (31.2s)
    epoch   3  train 0.0773  val 0.0525  val BA 0.9769  (36.3s)
    epoch   4  train 0.0671  val 0.0763  val BA 0.9655  (28.6s)
    epoch   5  train 0.0499  val 0.0725  val BA 0.9765  (30.5s)
    epoch   6  train 0.0538  val 0.0917  val BA 0.9765  (28.2s)
    epoch   7  train 0.0384  val 0.1048  val BA 0.9706  (32.3s)
    epoch   8  train 0.0253  val 0.0951  val BA 0.9769  (32.3s)
    epoch   9  train 0.0157  val 0.1145  val BA 0.9608  (31.6s)
    epoch  10  train 0.0254  val 0.0708  val BA 0.9714  (29.2s)
    epoch  11  train 0.0073  val 0.1113  val BA 0.9824  (31.5s)
    epoch  12  train 0.0141  val 0.0925  val BA 0.9769  (37.1s)
    epoch  13  train 0.0117  val 0.0596  val BA 0.9827  (35.6s)
    early stop at epoch 13 (best epoch 3, val loss 0.0525)
  [lr search] mambavision lr=0.0001 -> fold-0 val BA 0.9769
  [lr search] mambavision lr=3e-05
    epoch   0  train 0.5084  val 0.3570  val BA 0.8882  (34.1s)
    epoch   1  train 0.2406  val 0.1377  val BA 0.9647  (31.5s)
    epoch   2  train 0.1342  val 0.0701  val BA 0.9824  (29.6s)
    epoch   3  train 0.1023  val 0.0611  val BA 0.9824  (32.3s)
    epoch   4  train 0.0928  val 0.0616  val BA 0.9824  (30.8s)
    epoch   5  train 0.0777  val 0.0539  val BA 0.9714  (31.1s)
    epoch   6  train 0.0639  val 0.0468  val BA 0.9882  (31.1s)
    epoch   7  train 0.0559  val 0.0537  val BA 0.9827  (33.8s)
    epoch   8  train 0.0415  val 0.0542  val BA 0.9827  (30.1s)
    epoch   9  train 0.0454  val 0.0663  val BA 0.9772  (30.2s)
    epoch  10  train 0.0300  val 0.0880  val BA 0.9718  (32.5s)
    epoch  11  train 0.0271  val 0.0717  val BA 0.9824  (36.6s)
    epoch  12  train 0.0199  val 0.0718  val BA 0.9714  (33.6s)
    epoch  13  train 0.0196  val 0.0906  val BA 0.9718  (28.9s)
    epoch  14  train 0.0196  val 0.0728  val BA 0.9827  (30.9s)
    epoch  15  train 0.0237  val 0.1213  val BA 0.9765  (26.8s)
    epoch  16  train 0.0289  val 0.0861  val BA 0.9824  (28.6s)
    early stop at epoch 16 (best epoch 6, val loss 0.0468)
  [lr search] mambavision lr=3e-05 -> fold-0 val BA 0.9882
  selected lr=0.0003 (fold-0 val BA 0.9882); fixed for all folds
  -- fold 0
    epoch   0  train 0.2366  val 0.0819  val BA 0.9706  (27.0s)
    epoch   1  train 0.1565  val 0.0677  val BA 0.9710  (27.9s)
    epoch   2  train 0.1241  val 0.0641  val BA 0.9765  (29.8s)
    epoch   3  train 0.0605  val 0.0997  val BA 0.9608  (31.3s)
    epoch   4  train 0.0677  val 0.0671  val BA 0.9776  (31.5s)
    epoch   5  train 0.0371  val 0.2724  val BA 0.9243  (31.1s)
    epoch   6  train 0.0542  val 0.2700  val BA 0.9353  (30.5s)
    epoch   7  train 0.0373  val 0.1288  val BA 0.9769  (24.1s)
    epoch   8  train 0.0200  val 0.2152  val BA 0.9769  (29.9s)
    epoch   9  train 0.0219  val 0.1935  val BA 0.9714  (36.0s)
    epoch  10  train 0.0393  val 0.0835  val BA 0.9824  (32.1s)
    epoch  11  train 0.0140  val 0.1331  val BA 0.9769  (35.6s)
    epoch  12  train 0.0127  val 0.1737  val BA 0.9714  (36.0s)
    early stop at epoch 12 (best epoch 2, val loss 0.0641)
     checkpoint -> ./model_save/you_foulbrood/fold0_original/mambavision.pt
     fold 0 test BA = 0.9719
  -- fold 1
    epoch   0  train 0.2585  val 0.1635  val BA 0.9609  (38.3s)
    epoch   1  train 0.1670  val 0.1480  val BA 0.9609  (36.3s)
    epoch   2  train 0.1304  val 0.1636  val BA 0.9387  (33.0s)
    epoch   3  train 0.1406  val 0.1605  val BA 0.9515  (34.4s)
    epoch   4  train 0.0991  val 0.1392  val BA 0.9545  (38.8s)
    epoch   5  train 0.0784  val 0.0901  val BA 0.9668  (41.4s)
    epoch   6  train 0.0843  val 0.0868  val BA 0.9714  (37.1s)
    epoch   7  train 0.0360  val 0.1462  val BA 0.9702  (34.2s)
    epoch   8  train 0.0240  val 0.3052  val BA 0.9609  (41.9s)
    epoch   9  train 0.0609  val 0.1687  val BA 0.9231  (37.8s)
    epoch  10  train 0.0523  val 0.0877  val BA 0.9732  (36.0s)
    epoch  11  train 0.0569  val 0.0742  val BA 0.9796  (34.6s)
    epoch  12  train 0.0163  val 0.0859  val BA 0.9842  (32.9s)
    epoch  13  train 0.0038  val 0.1169  val BA 0.9796  (34.7s)
    epoch  14  train 0.0023  val 0.1180  val BA 0.9796  (33.3s)
    epoch  15  train 0.0043  val 0.3051  val BA 0.9609  (35.2s)
    epoch  16  train 0.0079  val 0.0729  val BA 0.9808  (32.7s)
    epoch  17  train 0.0259  val 0.3056  val BA 0.9167  (31.5s)
    epoch  18  train 0.0151  val 0.1435  val BA 0.9702  (32.7s)
    epoch  19  train 0.0045  val 0.1053  val BA 0.9732  (30.2s)
    epoch  20  train 0.0012  val 0.1115  val BA 0.9778  (24.9s)
    epoch  21  train 0.0011  val 0.1322  val BA 0.9778  (21.8s)
    epoch  22  train 0.0007  val 0.1443  val BA 0.9778  (23.8s)
    epoch  23  train 0.0004  val 0.1448  val BA 0.9778  (21.0s)
    epoch  24  train 0.0007  val 0.1585  val BA 0.9778  (26.7s)
    epoch  25  train 0.0013  val 0.1668  val BA 0.9778  (26.1s)
    epoch  26  train 0.0002  val 0.1696  val BA 0.9714  (22.8s)
    early stop at epoch 26 (best epoch 16, val loss 0.0729)
     checkpoint -> ./model_save/you_foulbrood/fold1_original/mambavision.pt
     fold 1 test BA = 0.9810
  -- fold 2
    epoch   0  train 0.2241  val 0.1623  val BA 0.9576  (14.9s)
    epoch   1  train 0.1262  val 0.1244  val BA 0.9476  (16.8s)
    epoch   2  train 0.0712  val 0.0329  val BA 0.9915  (16.6s)
    epoch   3  train 0.0604  val 0.0284  val BA 0.9831  (17.3s)
    epoch   4  train 0.0180  val 0.0847  val BA 0.9753  (16.0s)
    epoch   5  train 0.0035  val 0.0177  val BA 0.9915  (17.0s)
    epoch   6  train 0.0182  val 0.0463  val BA 0.9831  (16.0s)
    epoch   7  train 0.0166  val 0.0138  val BA 0.9938  (16.4s)
    epoch   8  train 0.0115  val 0.0497  val BA 0.9915  (15.7s)
    epoch   9  train 0.0013  val 0.0234  val BA 0.9854  (17.5s)
    epoch  10  train 0.0446  val 0.0689  val BA 0.9831  (16.4s)
    epoch  11  train 0.0358  val 0.0137  val BA 0.9915  (17.5s)
    epoch  12  train 0.0132  val 0.0320  val BA 0.9915  (16.4s)
    epoch  13  train 0.0114  val 0.0110  val BA 0.9938  (15.9s)
    epoch  14  train 0.0043  val 0.1862  val BA 0.9668  (21.6s)
    epoch  15  train 0.1075  val 0.2761  val BA 0.9136  (21.3s)
    epoch  16  train 0.0411  val 0.0426  val BA 0.9877  (24.3s)
    epoch  17  train 0.0395  val 0.0967  val BA 0.9730  (23.3s)
    epoch  18  train 0.0060  val 0.0531  val BA 0.9746  (24.5s)
    epoch  19  train 0.0201  val 0.0256  val BA 0.9915  (23.4s)
    epoch  20  train 0.0061  val 0.0007  val BA 1.0000  (28.0s)
    epoch  21  train 0.0013  val 0.0008  val BA 1.0000  (32.0s)
    epoch  22  train 0.0012  val 0.0009  val BA 1.0000  (24.7s)
    epoch  23  train 0.0016  val 0.0014  val BA 1.0000  (25.6s)
    epoch  24  train 0.0004  val 0.0023  val BA 1.0000  (21.9s)
    epoch  25  train 0.0002  val 0.0024  val BA 1.0000  (26.6s)
    epoch  26  train 0.0010  val 0.0006  val BA 1.0000  (27.6s)
    epoch  27  train 0.0009  val 0.0001  val BA 1.0000  (23.7s)
    epoch  28  train 0.0005  val 0.0001  val BA 1.0000  (25.8s)
    epoch  29  train 0.0002  val 0.0001  val BA 1.0000  (23.8s)
    epoch  30  train 0.0004  val 0.0000  val BA 1.0000  (23.2s)
    epoch  31  train 0.0009  val 0.0000  val BA 1.0000  (27.3s)
    epoch  32  train 0.0008  val 0.0000  val BA 1.0000  (22.2s)
    epoch  33  train 0.0004  val 0.0000  val BA 1.0000  (24.3s)
    epoch  34  train 0.0001  val 0.0000  val BA 1.0000  (25.5s)
    epoch  35  train 0.0001  val 0.0000  val BA 1.0000  (24.6s)
    epoch  36  train 0.0002  val 0.0000  val BA 1.0000  (23.7s)
    epoch  37  train 0.0001  val 0.0000  val BA 1.0000  (23.4s)
    epoch  38  train 0.0002  val 0.0000  val BA 1.0000  (24.9s)
    epoch  39  train 0.0002  val 0.0000  val BA 1.0000  (31.5s)
    epoch  40  train 0.0003  val 0.0000  val BA 1.0000  (28.3s)
    epoch  41  train 0.0001  val 0.0000  val BA 1.0000  (25.4s)
    epoch  42  train 0.0001  val 0.0000  val BA 1.0000  (24.5s)
    epoch  43  train 0.0001  val 0.0000  val BA 1.0000  (26.6s)
    epoch  44  train 0.0001  val 0.0000  val BA 1.0000  (23.7s)
    epoch  45  train 0.0009  val 0.0000  val BA 1.0000  (24.6s)
    epoch  46  train 0.0001  val 0.0000  val BA 1.0000  (29.1s)
    epoch  47  train 0.0001  val 0.0000  val BA 1.0000  (32.0s)
    epoch  48  train 0.0001  val 0.0000  val BA 1.0000  (26.1s)
    epoch  49  train 0.0000  val 0.0000  val BA 1.0000  (28.2s)
     checkpoint -> ./model_save/you_foulbrood/fold2_original/mambavision.pt
     fold 2 test BA = 0.9531
  wrote ./results/oof_you_foulbrood_mambavision_original.csv (1000 rows)
wrote ./results/lr_selected_you_foulbrood_original.csv

=== done ===

Next:
  1. check results/model_provenance.json - any model with pretrained_loaded=false
     must be reported as randomly initialised, not as an ImageNet baseline;
  2. rebuild the manuscript (the table fragments in ./tables and the figures in
     ./figures_extended are now regenerated with the full model set);
  3. update the prose that quotes counts ('six pretrained baselines', 'nine
     networks', the number of Holm-significant comparisons) - grep for those
     phrases, they are the only places a model count is written by hand.

=== [B] 표·그림 생성 (stage 3,4) ===

=== extended baselines: conformer lsnet_t mambavision   (log: ./results/run_extended_20260908_041656.log) ===

=== stage 3 - metrics and fold-wise paired tests over ALL models ===
+ python ./evaluate_cv.py --task you_chalk_brood --run-tag original --results-dir ./results --out-dir ./results
<CODE_ROOT>/./evaluate_cv.py:329: SyntaxWarning: invalid escape sequence '\%'
  + [f"{m} (95\% CI)" for m in ABLATION_METRICS]
<CODE_ROOT>/./evaluate_cv.py:330: SyntaxWarning: invalid escape sequence '\p'
  + [f"{m} (fold $\pm$ SD)" for m in ABLATION_METRICS]
<CODE_ROOT>/./evaluate_cv.py:331: SyntaxWarning: invalid escape sequence '\m'
  + ["DeLong $p_{\mathrm{Holm}}$ (per fold)",
<CODE_ROOT>/./evaluate_cv.py:332: SyntaxWarning: invalid escape sequence '\m'
  "McNemar $p_{\mathrm{Holm}}$ (per fold)"])
<CODE_ROOT>/./evaluate_cv.py:334: SyntaxWarning: invalid escape sequence '\ '
  ("Across folds", len(ABLATION_METRICS)), ("vs.\ full model", 2)]
[you_chalk_brood] models: coatnet, conformer, crossvit, densenet121, efficientnetv2, lgca_net_cnn_only, lgca_net_no_cross_attn, lgca_net, lsnet_t, mambavision, nextvit_small, resnet50
  CoAtNet                  BA=0.953 (0.940-0.966)  AUROC=0.987
  Conformer-S              BA=0.947 (0.933-0.960)  AUROC=0.990
  CrossViT                 BA=0.950 (0.937-0.963)  AUROC=0.984
  DenseNet-121             BA=0.951 (0.937-0.963)  AUROC=0.988
  EfficientNetV2-S         BA=0.950 (0.936-0.963)  AUROC=0.990
  LGCA-Net (CNN only)      BA=0.952 (0.939-0.965)  AUROC=0.983
  LGCA-Net (w/o cross-attn.) BA=0.951 (0.938-0.964)  AUROC=0.984
  Proposed (LGCA-Net)      BA=0.951 (0.938-0.964)  AUROC=0.984
  LSNet-T                  BA=0.962 (0.950-0.973)  AUROC=0.990
  MambaVision-T            BA=0.967 (0.955-0.977)  AUROC=0.993
  Next-ViT-S               BA=0.954 (0.941-0.966)  AUROC=0.983
  ResNet-50                BA=0.966 (0.955-0.976)  AUROC=0.988
wrote ./results/cv_metrics_pooled_original.csv
wrote ./results/cv_metrics_foldwise_original.csv
wrote ./results/cv_pairwise_foldwise_original.csv
wrote ./tables/cv_metrics_original.tex
wrote ./tables/cv_foldwise_original.tex
wrote ./tables/cv_pairwise_foldwise_original.tex
wrote ./tables/ablation_original.tex
+ python ./evaluate_cv.py --task you_foulbrood --run-tag original --results-dir ./results --out-dir ./results
<CODE_ROOT>/./evaluate_cv.py:329: SyntaxWarning: invalid escape sequence '\%'
  + [f"{m} (95\% CI)" for m in ABLATION_METRICS]
<CODE_ROOT>/./evaluate_cv.py:330: SyntaxWarning: invalid escape sequence '\p'
  + [f"{m} (fold $\pm$ SD)" for m in ABLATION_METRICS]
<CODE_ROOT>/./evaluate_cv.py:331: SyntaxWarning: invalid escape sequence '\m'
  + ["DeLong $p_{\mathrm{Holm}}$ (per fold)",
<CODE_ROOT>/./evaluate_cv.py:332: SyntaxWarning: invalid escape sequence '\m'
  "McNemar $p_{\mathrm{Holm}}$ (per fold)"])
<CODE_ROOT>/./evaluate_cv.py:334: SyntaxWarning: invalid escape sequence '\ '
  ("Across folds", len(ABLATION_METRICS)), ("vs.\ full model", 2)]
[you_foulbrood] models: coatnet, conformer, crossvit, densenet121, efficientnetv2, lgca_net_cnn_only, lgca_net_no_cross_attn, lgca_net, lsnet_t, mambavision, nextvit_small, resnet50
  CoAtNet                  BA=0.957 (0.944-0.970)  AUROC=0.984
  Conformer-S              BA=0.974 (0.964-0.983)  AUROC=0.985
  CrossViT                 BA=0.964 (0.952-0.975)  AUROC=0.987
  DenseNet-121             BA=0.964 (0.952-0.975)  AUROC=0.979
  EfficientNetV2-S         BA=0.948 (0.934-0.961)  AUROC=0.988
  LGCA-Net (CNN only)      BA=0.822 (0.798-0.846)  AUROC=0.929
  LGCA-Net (w/o cross-attn.) BA=0.901 (0.883-0.918)  AUROC=0.955
  Proposed (LGCA-Net)      BA=0.894 (0.875-0.912)  AUROC=0.956
  LSNet-T                  BA=0.946 (0.931-0.959)  AUROC=0.984
  MambaVision-T            BA=0.963 (0.951-0.974)  AUROC=0.977
  Next-ViT-S               BA=0.949 (0.935-0.962)  AUROC=0.981
  ResNet-50                BA=0.956 (0.943-0.968)  AUROC=0.982
wrote ./results/cv_metrics_pooled_original.csv
wrote ./results/cv_metrics_foldwise_original.csv
wrote ./results/cv_pairwise_foldwise_original.csv
wrote ./tables/cv_metrics_original.tex
wrote ./tables/cv_foldwise_original.tex
wrote ./tables/cv_pairwise_foldwise_original.tex
wrote ./tables/ablation_original.tex

=== stage 4 - matched subsets, confound reliance, tables and figures ===
+ python <CODE_ROOT>/honeybee_extended_baselines/analysis/matched_subsets.py --results-dir ./results --out-dir ./results --tables-dir ./tables --run-tag original --tasks you_chalk_brood you_foulbrood
[info] 12 models: lgca_net, lgca_net_no_cross_attn, lgca_net_cnn_only, resnet50, densenet121, efficientnetv2, coatnet, crossvit, nextvit_small, conformer, lsnet_t, mambavision
[you_chalk_brood] 109 pairs / 218 images, L* SMD -2.484 -> -0.418; Holm-significant DeLong 4/33
[you_foulbrood] 174 pairs / 348 images, L* SMD -1.347 -> -0.045; Holm-significant DeLong 11/33
wrote ./results/matched_report.json
+ python <CODE_ROOT>/honeybee_extended_baselines/analysis/confound_reliance.py --results-dir ./results --out-dir ./results --run-tag original --tasks you_chalk_brood you_foulbrood
[info] 12 models: lgca_net, lgca_net_no_cross_attn, lgca_net_cnn_only, resnet50, densenet121, efficientnetv2, coatnet, crossvit, nextvit_small, conformer, lsnet_t, mambavision
[you_chalk_brood / matched] label reference BA=0.853; model surrogate BA 0.828-0.983; largest gap +0.130 (lgca_net_no_cross_attn)
[you_chalk_brood / original] label reference BA=0.945; model surrogate BA 0.948-0.994; largest gap +0.049 (lgca_net)
[you_foulbrood / matched] label reference BA=0.583; model surrogate BA 0.582-0.823; largest gap +0.240 (lgca_net_no_cross_attn)
[you_foulbrood / original] label reference BA=0.845; model surrogate BA 0.781-0.934; largest gap +0.089 (lgca_net_no_cross_attn)
wrote ./results/confound_reliance.csv
+ python <CODE_ROOT>/honeybee_extended_baselines/analysis/make_manuscript_tables.py --results-dir ./results --out-dir ./results --tables-dir ./tables --run-tag original --tasks you_chalk_brood you_foulbrood
Traceback (most recent call last):
  File "<CODE_ROOT>/honeybee_extended_baselines/analysis/make_manuscript_tables.py", line 230, in <module>
    raise SystemExit(main())
                     ^^^^^^
  File "<CODE_ROOT>/honeybee_extended_baselines/analysis/make_manuscript_tables.py", line 72, in main
    lines.append(block(f"{TASKS[task]} ($n={int(pool[pool.task == task].n.iloc[0]):,}$)".replace(",", "{,}"), 9))
                                                ~~~~~~~~~~~~~~~~~~~~~~~~~~~~~~^^^
  File "/root/anaconda3/lib/python3.12/site-packages/pandas/core/indexing.py", line 1192, in __getitem__
    return self._getitem_axis(maybe_callable, axis=axis)
           ^^^^^^^^^^^^^^^^^^^^^^^^^^^^^^^^^^^^^^^^^^^^^
  File "/root/anaconda3/lib/python3.12/site-packages/pandas/core/indexing.py", line 1753, in _getitem_axis
    self._validate_integer(key, axis)
  File "/root/anaconda3/lib/python3.12/site-packages/pandas/core/indexing.py", line 1686, in _validate_integer
    raise IndexError("single positional indexer is out-of-bounds")
IndexError: single positional indexer is out-of-bounds
[B 실패]
