
=== extended baselines: conformer lsnet_t mambavision   (log: ./results/run_extended_20260907_085736.log) ===

=== stage 1 - verifying the external backbones (no training) ===
+ python <CODE_ROOT>/honeybee_extended_baselines/verify_external_models.py --code-root . --models conformer lsnet_t mambavision --out ./results/model_provenance.json
/root/anaconda3/lib/python3.12/site-packages/timm/models/layers/__init__.py:48: FutureWarning: Importing from timm.models.layers is deprecated, please import via timm.layers
  warnings.warn(f"Importing from {__name__} is deprecated, please import via timm.layers", FutureWarning)
/root/anaconda3/lib/python3.12/site-packages/timm/models/registry.py:4: FutureWarning: Importing from timm.models.registry is deprecated, please import via timm.models
  warnings.warn(f"Importing from {__name__} is deprecated, please import via timm.models", FutureWarning)
/root/anaconda3/lib/python3.12/site-packages/timm/models/helpers.py:7: FutureWarning: Importing from timm.models.helpers is deprecated, please import via timm.models
  warnings.warn(f"Importing from {__name__} is deprecated, please import via timm.models", FutureWarning)

model        status      params (M)  pretrained  source
-----------------------------------------------------------------
conformer    OK              36.266  yes         repo:conformer
lsnet_t      OK              11.026  yes         timm-registered by repo module 'model.ls
mambavision  OK              31.155  yes         huggingface:nvidia/MambaVision-T-1K

wrote ./results/model_provenance.json
+ python <CODE_ROOT>/honeybee_extended_baselines/verify_external_models.py --code-root . --models all --out ./results/model_provenance.json
/root/anaconda3/lib/python3.12/site-packages/timm/models/layers/__init__.py:48: FutureWarning: Importing from timm.models.layers is deprecated, please import via timm.layers
  warnings.warn(f"Importing from {__name__} is deprecated, please import via timm.layers", FutureWarning)
/root/anaconda3/lib/python3.12/site-packages/timm/models/registry.py:4: FutureWarning: Importing from timm.models.registry is deprecated, please import via timm.models
  warnings.warn(f"Importing from {__name__} is deprecated, please import via timm.models", FutureWarning)
/root/anaconda3/lib/python3.12/site-packages/timm/models/helpers.py:7: FutureWarning: Importing from timm.models.helpers is deprecated, please import via timm.models
  warnings.warn(f"Importing from {__name__} is deprecated, please import via timm.models", FutureWarning)

model                   status      params (M)  pretrained  source
----------------------------------------------------------------------------
lgca_net                OK               1.459  NO (random) timm/bundled
lgca_net_no_cross_attn  OK               1.197  NO (random) timm/bundled
lgca_net_cnn_only       OK               0.291  NO (random) timm/bundled
resnet50                OK              23.512  yes         timm/bundled
densenet121             OK               6.956  yes         timm/bundled
efficientnetv2          OK              20.180  yes         timm/bundled
coatnet                 OK              26.668  yes         timm/bundled
crossvit                OK              26.279  yes         timm/bundled
nextvit_small           OK              30.740  yes         timm/bundled
conformer               OK              36.266  yes         repo:conformer
mobileformer            FAILED              --  --          ExternalModelUnavailable: Mobile-Former is not importable.
 
lsnet_t                 OK              11.026  yes         timm-registered by repo module 'model.ls
mambavision             OK              31.155  yes         huggingface:nvidia/MambaVision-T-1K

wrote ./results/model_provenance.json

Failed: mobileformer
Install instructions: models/external/README.md

=== stage 2 - learning-rate search and hive-grouped 3-fold training ===
+ python ./train_cv.py --data-root ./data --task you_chalk_brood --models conformer lsnet_t mambavision --grouped --run-tag original --manifest-dir ./results --out-dir ./results --ckpt-dir ./model_save --device cuda
/root/anaconda3/lib/python3.12/site-packages/timm/models/layers/__init__.py:48: FutureWarning: Importing from timm.models.layers is deprecated, please import via timm.layers
  warnings.warn(f"Importing from {__name__} is deprecated, please import via timm.layers", FutureWarning)
device: cuda
manifest: ./results/split_manifest_grouped_you_chalk_brood.csv (3000 rows)

=== you_chalk_brood / conformer (ImageNet-pretrained) ===
  [lr search] conformer lr=0.001
    epoch   0  train 0.3426  val 0.0811  val BA 0.9628  (12.8s)
    epoch   1  train 0.1063  val 0.2083  val BA 0.9615  (13.6s)
    epoch   2  train 0.0617  val 0.1260  val BA 0.9538  (16.1s)
    epoch   3  train 0.1206  val 0.9195  val BA 0.8679  (15.7s)
    epoch   4  train 0.0710  val 0.0922  val BA 0.9615  (16.6s)
    epoch   5  train 0.0556  val 0.0835  val BA 0.9615  (15.8s)
    epoch   6  train 0.0721  val 0.0913  val BA 0.9615  (13.7s)
    epoch   7  train 0.0653  val 0.0832  val BA 0.9615  (14.2s)
    epoch   8  train 0.0819  val 0.1882  val BA 0.9615  (14.2s)
    epoch   9  train 0.0599  val 0.0949  val BA 0.9513  (14.2s)
    epoch  10  train 0.0614  val 0.2965  val BA 0.9615  (13.2s)
    early stop at epoch 10 (best epoch 0, val loss 0.0811)
  [lr search] conformer lr=0.001 -> fold-0 val BA 0.9628
  [lr search] conformer lr=0.0003
    epoch   0  train 0.2062  val 0.0816  val BA 0.9615  (16.0s)
    epoch   1  train 0.0633  val 0.2065  val BA 0.8910  (15.2s)
    epoch   2  train 0.0945  val 0.0818  val BA 0.9615  (15.3s)
    epoch   3  train 0.0623  val 0.0966  val BA 0.9551  (14.9s)
    epoch   4  train 0.0505  val 0.1040  val BA 0.9615  (13.1s)
    epoch   5  train 0.0317  val 0.1009  val BA 0.9628  (13.7s)
    epoch   6  train 0.0411  val 0.0931  val BA 0.9385  (14.1s)
    epoch   7  train 0.0453  val 0.3107  val BA 0.8910  (14.3s)
    epoch   8  train 0.0676  val 0.1035  val BA 0.9346  (16.3s)
    epoch   9  train 0.0382  val 0.0818  val BA 0.9654  (14.1s)
    epoch  10  train 0.0273  val 0.2462  val BA 0.9397  (14.0s)
    early stop at epoch 10 (best epoch 0, val loss 0.0816)
  [lr search] conformer lr=0.0003 -> fold-0 val BA 0.9615
  [lr search] conformer lr=0.0001
    epoch   0  train 0.1938  val 0.0994  val BA 0.9615  (15.6s)
    epoch   1  train 0.0345  val 0.0794  val BA 0.9705  (14.8s)
    epoch   2  train 0.0158  val 0.0912  val BA 0.9628  (16.9s)
    epoch   3  train 0.0156  val 0.0725  val BA 0.9628  (14.5s)
    epoch   4  train 0.0118  val 0.1211  val BA 0.9679  (15.0s)
    epoch   5  train 0.0293  val 0.0791  val BA 0.9590  (13.6s)
    epoch   6  train 0.0183  val 0.1115  val BA 0.9615  (13.0s)
    epoch   7  train 0.0325  val 0.0915  val BA 0.9526  (14.8s)
    epoch   8  train 0.0259  val 0.1763  val BA 0.9615  (14.2s)
    epoch   9  train 0.0090  val 0.0791  val BA 0.9705  (14.5s)
    epoch  10  train 0.0083  val 0.2127  val BA 0.9615  (15.7s)
    epoch  11  train 0.0406  val 0.1492  val BA 0.9615  (16.2s)
    epoch  12  train 0.0120  val 0.1106  val BA 0.9692  (17.0s)
    epoch  13  train 0.0013  val 0.1241  val BA 0.9692  (14.6s)
    early stop at epoch 13 (best epoch 3, val loss 0.0725)
  [lr search] conformer lr=0.0001 -> fold-0 val BA 0.9628
  [lr search] conformer lr=3e-05
    epoch   0  train 0.3587  val 0.2003  val BA 0.9551  (16.1s)
    epoch   1  train 0.0794  val 0.1073  val BA 0.9615  (14.8s)
    epoch   2  train 0.0534  val 0.0804  val BA 0.9615  (16.6s)
    epoch   3  train 0.0371  val 0.1021  val BA 0.9615  (18.2s)
    epoch   4  train 0.0263  val 0.0909  val BA 0.9615  (16.0s)
    epoch   5  train 0.0136  val 0.1016  val BA 0.9615  (17.7s)
    epoch   6  train 0.0136  val 0.0971  val BA 0.9615  (17.6s)
    epoch   7  train 0.0064  val 0.1340  val BA 0.9615  (16.6s)
    epoch   8  train 0.0037  val 0.1267  val BA 0.9551  (16.4s)
    epoch   9  train 0.0021  val 0.1277  val BA 0.9551  (14.1s)
    epoch  10  train 0.0013  val 0.1395  val BA 0.9615  (18.0s)
    epoch  11  train 0.0011  val 0.1433  val BA 0.9615  (19.9s)
    epoch  12  train 0.0075  val 0.1633  val BA 0.9615  (17.8s)
    early stop at epoch 12 (best epoch 2, val loss 0.0804)
  [lr search] conformer lr=3e-05 -> fold-0 val BA 0.9615
  selected lr=0.001 (fold-0 val BA 0.9628); fixed for all folds
  -- fold 0
    epoch   0  train 0.3426  val 0.0811  val BA 0.9628  (17.4s)
    epoch   1  train 0.1063  val 0.2083  val BA 0.9615  (15.7s)
    epoch   2  train 0.0617  val 0.1260  val BA 0.9538  (16.6s)
    epoch   3  train 0.1206  val 0.9195  val BA 0.8679  (18.9s)
    epoch   4  train 0.0710  val 0.0922  val BA 0.9615  (19.1s)
    epoch   5  train 0.0556  val 0.0835  val BA 0.9615  (18.1s)
    epoch   6  train 0.0721  val 0.0913  val BA 0.9615  (15.0s)
    epoch   7  train 0.0653  val 0.0832  val BA 0.9615  (16.4s)
    epoch   8  train 0.0819  val 0.1882  val BA 0.9615  (15.4s)
    epoch   9  train 0.0599  val 0.0949  val BA 0.9513  (14.8s)
    epoch  10  train 0.0614  val 0.2965  val BA 0.9615  (14.2s)
    early stop at epoch 10 (best epoch 0, val loss 0.0811)
     checkpoint -> ./model_save/you_chalk_brood/fold0_original/conformer.pt
     fold 0 test BA = 0.9210
  -- fold 1
    epoch   0  train 0.3030  val 0.7133  val BA 0.5000  (22.1s)
    epoch   1  train 0.1567  val 0.9576  val BA 0.5118  (24.1s)
    epoch   2  train 0.1180  val 0.1179  val BA 0.9526  (23.9s)
    epoch   3  train 0.1075  val 0.4129  val BA 0.8529  (22.1s)
    epoch   4  train 0.1267  val 0.7808  val BA 0.9526  (23.6s)
    epoch   5  train 0.1320  val 0.1640  val BA 0.9522  (24.9s)
    epoch   6  train 0.1297  val 0.1414  val BA 0.9588  (27.6s)
    epoch   7  train 0.0988  val 0.2932  val BA 0.8812  (24.4s)
    epoch   8  train 0.1196  val 0.4935  val BA 0.7724  (19.4s)
    epoch   9  train 0.1921  val 0.1001  val BA 0.9526  (25.2s)
    epoch  10  train 0.1462  val 0.2173  val BA 0.9588  (22.5s)
    epoch  11  train 0.1440  val 0.5640  val BA 0.7824  (27.0s)
    epoch  12  train 0.1338  val 0.2914  val BA 0.9059  (23.5s)
    epoch  13  train 0.1119  val 0.1270  val BA 0.9529  (24.3s)
    epoch  14  train 0.1141  val 0.2621  val BA 0.8879  (23.5s)
    epoch  15  train 0.1110  val 0.1839  val BA 0.9526  (23.6s)
    epoch  16  train 0.0963  val 0.2707  val BA 0.9588  (22.0s)
    epoch  17  train 0.1360  val 0.2867  val BA 0.9397  (23.7s)
    epoch  18  train 0.1084  val 0.1622  val BA 0.9588  (22.9s)
    epoch  19  train 0.0919  val 0.0882  val BA 0.9526  (25.6s)
    epoch  20  train 0.0881  val 0.1132  val BA 0.9452  (23.6s)
    epoch  21  train 0.1023  val 0.1294  val BA 0.9460  (24.4s)
    epoch  22  train 0.1254  val 0.1550  val BA 0.9471  (24.9s)
    epoch  23  train 0.0634  val 0.1228  val BA 0.9640  (28.5s)
    epoch  24  train 0.0850  val 0.0989  val BA 0.9526  (21.6s)
    epoch  25  train 0.0891  val 0.2709  val BA 0.8875  (26.0s)
    epoch  26  train 0.0946  val 0.5266  val BA 0.9000  (24.3s)
    epoch  27  train 0.1139  val 0.2097  val BA 0.9504  (22.6s)
    epoch  28  train 0.0896  val 0.0847  val BA 0.9706  (30.9s)
    epoch  29  train 0.0664  val 0.0888  val BA 0.9588  (30.1s)
    epoch  30  train 0.0489  val 0.2322  val BA 0.9526  (36.1s)
    epoch  31  train 0.1016  val 0.1449  val BA 0.9382  (41.4s)
    epoch  32  train 0.0538  val 0.0813  val BA 0.9566  (42.1s)
    epoch  33  train 0.0666  val 0.0806  val BA 0.9632  (41.4s)
    epoch  34  train 0.0370  val 0.0927  val BA 0.9706  (44.0s)
    epoch  35  train 0.0254  val 0.2604  val BA 0.9588  (41.6s)
    epoch  36  train 0.0412  val 0.0875  val BA 0.9566  (41.5s)
    epoch  37  train 0.0512  val 0.4097  val BA 0.8938  (42.0s)
    epoch  38  train 0.0365  val 0.4367  val BA 0.8816  (40.7s)
    epoch  39  train 0.0221  val 0.1047  val BA 0.9695  (41.0s)
    epoch  40  train 0.0187  val 0.1989  val BA 0.9647  (40.2s)
    epoch  41  train 0.0106  val 0.2119  val BA 0.9585  (41.0s)
    epoch  42  train 0.0425  val 0.1921  val BA 0.9463  (39.4s)
    epoch  43  train 0.0857  val 0.3386  val BA 0.9456  (41.1s)
    early stop at epoch 43 (best epoch 33, val loss 0.0806)
     checkpoint -> ./model_save/you_chalk_brood/fold1_original/conformer.pt
     fold 1 test BA = 0.9620
  -- fold 2
    epoch   0  train 0.2481  val 0.1682  val BA 0.9505  (47.2s)
    epoch   1  train 0.2254  val 0.1613  val BA 0.9130  (45.2s)
    epoch   2  train 0.1314  val 0.0776  val BA 0.9653  (45.6s)
    epoch   3  train 0.1366  val 0.2817  val BA 0.8533  (49.4s)
    epoch   4  train 0.2507  val 0.1215  val BA 0.9653  (46.4s)
    epoch   5  train 0.1501  val 0.0966  val BA 0.9490  (47.0s)
    epoch   6  train 0.1501  val 0.3539  val BA 0.8641  (35.5s)
    epoch   7  train 0.1934  val 0.1251  val BA 0.9653  (37.5s)
    epoch   8  train 0.1711  val 0.3558  val BA 0.8713  (48.7s)
    epoch   9  train 0.2468  val 0.0928  val BA 0.9653  (47.1s)
    epoch  10  train 0.1516  val 0.1299  val BA 0.9653  (47.1s)
    epoch  11  train 0.1154  val 0.0784  val BA 0.9703  (40.9s)
    epoch  12  train 0.1356  val 0.1537  val BA 0.9407  (39.9s)
    early stop at epoch 12 (best epoch 2, val loss 0.0776)
     checkpoint -> ./model_save/you_chalk_brood/fold2_original/conformer.pt
/root/anaconda3/lib/python3.12/site-packages/timm/models/registry.py:4: FutureWarning: Importing from timm.models.registry is deprecated, please import via timm.models
  warnings.warn(f"Importing from {__name__} is deprecated, please import via timm.models", FutureWarning)
/root/anaconda3/lib/python3.12/site-packages/timm/models/helpers.py:7: FutureWarning: Importing from timm.models.helpers is deprecated, please import via timm.models
  warnings.warn(f"Importing from {__name__} is deprecated, please import via timm.models", FutureWarning)
     fold 2 test BA = 0.9745
  wrote ./results/oof_you_chalk_brood_conformer_original.csv (1000 rows)

=== you_chalk_brood / lsnet_t (ImageNet-pretrained) ===
  [lr search] lsnet_t lr=0.001
    epoch   0  train 0.2588  val 0.1040  val BA 0.9615  (37.3s)
    epoch   1  train 0.0814  val 0.0913  val BA 0.9615  (37.6s)
    epoch   2  train 0.0484  val 0.1121  val BA 0.9500  (37.0s)
    epoch   3  train 0.0340  val 0.1984  val BA 0.9205  (32.4s)
    epoch   4  train 0.0482  val 0.1063  val BA 0.9615  (35.0s)
    epoch   5  train 0.0288  val 0.1311  val BA 0.9628  (35.5s)
    epoch   6  train 0.0327  val 0.1812  val BA 0.9615  (38.9s)
    epoch   7  train 0.0420  val 0.1837  val BA 0.9218  (35.9s)
    epoch   8  train 0.0533  val 0.1519  val BA 0.9615  (35.5s)
    epoch   9  train 0.0446  val 0.1320  val BA 0.9410  (35.4s)
    epoch  10  train 0.0524  val 0.1197  val BA 0.9590  (36.6s)
    epoch  11  train 0.0297  val 0.1597  val BA 0.9615  (34.7s)
    early stop at epoch 11 (best epoch 1, val loss 0.0913)
  [lr search] lsnet_t lr=0.001 -> fold-0 val BA 0.9615
  [lr search] lsnet_t lr=0.0003
    epoch   0  train 0.4349  val 0.3191  val BA 0.9615  (33.9s)
    epoch   1  train 0.1656  val 0.1788  val BA 0.9615  (36.9s)
    epoch   2  train 0.0911  val 0.1025  val BA 0.9615  (37.8s)
    epoch   3  train 0.0646  val 0.0939  val BA 0.9564  (35.8s)
    epoch   4  train 0.0418  val 0.0998  val BA 0.9615  (33.1s)
    epoch   5  train 0.0257  val 0.0902  val BA 0.9615  (36.4s)
    epoch   6  train 0.0235  val 0.1194  val BA 0.9615  (35.5s)
    epoch   7  train 0.0264  val 0.1156  val BA 0.9615  (35.6s)
    epoch   8  train 0.0339  val 0.1308  val BA 0.9615  (35.6s)
    epoch   9  train 0.0208  val 0.1007  val BA 0.9513  (33.3s)
    epoch  10  train 0.0139  val 0.1224  val BA 0.9615  (27.6s)
    epoch  11  train 0.0181  val 0.0748  val BA 0.9731  (36.3s)
    epoch  12  train 0.0243  val 0.1312  val BA 0.9615  (34.7s)
    epoch  13  train 0.0108  val 0.0814  val BA 0.9628  (33.4s)
    epoch  14  train 0.0115  val 0.1031  val BA 0.9615  (35.6s)
    epoch  15  train 0.0072  val 0.0801  val BA 0.9718  (36.9s)
    epoch  16  train 0.0057  val 0.1271  val BA 0.9551  (37.2s)
    epoch  17  train 0.0058  val 0.1389  val BA 0.9628  (35.6s)
    epoch  18  train 0.0031  val 0.1217  val BA 0.9564  (38.0s)
    epoch  19  train 0.0302  val 0.1186  val BA 0.9564  (33.3s)
    epoch  20  train 0.0035  val 0.0790  val BA 0.9641  (30.4s)
    epoch  21  train 0.0048  val 0.0591  val BA 0.9705  (33.7s)
    epoch  22  train 0.0053  val 0.0813  val BA 0.9615  (39.4s)
    epoch  23  train 0.0024  val 0.0833  val BA 0.9615  (38.7s)
    epoch  24  train 0.0032  val 0.0912  val BA 0.9615  (37.5s)
    epoch  25  train 0.0017  val 0.1087  val BA 0.9615  (34.6s)
    epoch  26  train 0.0023  val 0.1148  val BA 0.9615  (36.7s)
    epoch  27  train 0.0019  val 0.1179  val BA 0.9615  (36.6s)
    epoch  28  train 0.0012  val 0.1242  val BA 0.9615  (34.0s)
    epoch  29  train 0.0019  val 0.1334  val BA 0.9615  (37.3s)
    epoch  30  train 0.0020  val 0.1225  val BA 0.9615  (35.6s)
    epoch  31  train 0.0017  val 0.1284  val BA 0.9615  (35.8s)
    early stop at epoch 31 (best epoch 21, val loss 0.0591)
  [lr search] lsnet_t lr=0.0003 -> fold-0 val BA 0.9705
  [lr search] lsnet_t lr=0.0001
    epoch   0  train 0.6100  val 0.5210  val BA 0.9603  (37.4s)
    epoch   1  train 0.3770  val 0.3644  val BA 0.9564  (36.0s)
    epoch   2  train 0.2430  val 0.2009  val BA 0.9487  (35.2s)
    epoch   3  train 0.1717  val 0.1496  val BA 0.9615  (34.1s)
    epoch   4  train 0.1336  val 0.1426  val BA 0.9615  (36.8s)
    epoch   5  train 0.1049  val 0.1195  val BA 0.9615  (32.6s)
    epoch   6  train 0.1029  val 0.1115  val BA 0.9615  (27.5s)
    epoch   7  train 0.0881  val 0.1258  val BA 0.9615  (26.8s)
    epoch   8  train 0.0778  val 0.1082  val BA 0.9615  (26.6s)
    epoch   9  train 0.0699  val 0.0945  val BA 0.9615  (24.8s)
    epoch  10  train 0.0495  val 0.1028  val BA 0.9615  (25.2s)
    epoch  11  train 0.0485  val 0.0867  val BA 0.9692  (28.5s)
    epoch  12  train 0.0366  val 0.0868  val BA 0.9692  (27.5s)
    epoch  13  train 0.0276  val 0.0953  val BA 0.9692  (24.9s)
    epoch  14  train 0.0258  val 0.0858  val BA 0.9692  (25.6s)
    epoch  15  train 0.0216  val 0.0877  val BA 0.9628  (26.0s)
    epoch  16  train 0.0208  val 0.0935  val BA 0.9692  (23.4s)
    epoch  17  train 0.0169  val 0.0829  val BA 0.9628  (26.4s)
    epoch  18  train 0.0155  val 0.0841  val BA 0.9628  (25.0s)
    epoch  19  train 0.0335  val 0.1018  val BA 0.9692  (24.5s)
    epoch  20  train 0.0155  val 0.1388  val BA 0.9628  (21.8s)
    epoch  21  train 0.0320  val 0.0868  val BA 0.9628  (21.4s)
    epoch  22  train 0.0229  val 0.0924  val BA 0.9692  (21.6s)
    epoch  23  train 0.0138  val 0.1068  val BA 0.9628  (20.2s)
    epoch  24  train 0.0226  val 0.0983  val BA 0.9577  (23.5s)
    epoch  25  train 0.0103  val 0.1026  val BA 0.9513  (18.0s)
    epoch  26  train 0.0125  val 0.0947  val BA 0.9641  (17.4s)
    epoch  27  train 0.0090  val 0.0840  val BA 0.9769  (16.5s)
    early stop at epoch 27 (best epoch 17, val loss 0.0829)
  [lr search] lsnet_t lr=0.0001 -> fold-0 val BA 0.9628
  [lr search] lsnet_t lr=3e-05
    epoch   0  train 0.6900  val 0.6637  val BA 0.6692  (19.4s)
    epoch   1  train 0.5957  val 0.5844  val BA 0.8949  (19.0s)
    epoch   2  train 0.5095  val 8.9997  val BA 0.7090  (22.3s)
    epoch   3  train 0.4304  val 0.3985  val BA 0.9359  (20.1s)
    epoch   4  train 0.3793  val 0.3454  val BA 0.9487  (20.6s)
    epoch   5  train 0.3259  val 0.3035  val BA 0.9487  (22.4s)
    epoch   6  train 0.2936  val 0.2727  val BA 0.9423  (20.1s)
    epoch   7  train 0.2540  val 0.2498  val BA 0.9615  (19.9s)
    epoch   8  train 0.2397  val 0.2262  val BA 0.9615  (19.7s)
    epoch   9  train 0.2203  val 0.2098  val BA 0.9615  (26.0s)
    epoch  10  train 0.1941  val 0.1943  val BA 0.9615  (28.7s)
    epoch  11  train 0.1888  val 0.1853  val BA 0.9615  (27.9s)
    epoch  12  train 0.1596  val 0.1747  val BA 0.9615  (28.9s)
    epoch  13  train 0.1429  val 0.1664  val BA 0.9615  (25.4s)
    epoch  14  train 0.1397  val 0.1599  val BA 0.9615  (26.7s)
    epoch  15  train 0.1279  val 0.1485  val BA 0.9615  (26.9s)
    epoch  16  train 0.1244  val 0.1453  val BA 0.9615  (24.9s)
    epoch  17  train 0.1160  val 0.1420  val BA 0.9615  (28.5s)
    epoch  18  train 0.1037  val 0.1394  val BA 0.9615  (25.8s)
    epoch  19  train 0.1190  val 0.1361  val BA 0.9615  (26.3s)
    epoch  20  train 0.0999  val 0.1349  val BA 0.9615  (28.3s)
    epoch  21  train 0.0987  val 0.1260  val BA 0.9615  (26.3s)
    epoch  22  train 0.1113  val 0.1225  val BA 0.9615  (29.1s)
    epoch  23  train 0.0867  val 0.1221  val BA 0.9615  (27.3s)
    epoch  24  train 0.0811  val 0.1217  val BA 0.9615  (33.2s)
    epoch  25  train 0.0670  val 0.1207  val BA 0.9615  (35.8s)
    epoch  26  train 0.0686  val 0.1201  val BA 0.9615  (31.8s)
    epoch  27  train 0.0640  val 0.1157  val BA 0.9551  (32.8s)
    epoch  28  train 0.0509  val 0.1149  val BA 0.9551  (33.2s)
    epoch  29  train 0.0663  val 0.1147  val BA 0.9615  (32.5s)
    epoch  30  train 0.0634  val 0.1100  val BA 0.9487  (35.5s)
    epoch  31  train 0.0634  val 0.1073  val BA 0.9487  (30.6s)
    epoch  32  train 0.0497  val 0.1038  val BA 0.9487  (24.5s)
    epoch  33  train 0.0635  val 0.1030  val BA 0.9628  (27.5s)
    epoch  34  train 0.0510  val 0.1008  val BA 0.9641  (32.1s)
    epoch  35  train 0.0408  val 0.0987  val BA 0.9641  (34.0s)
    epoch  36  train 0.0511  val 0.0976  val BA 0.9628  (34.3s)
    epoch  37  train 0.0374  val 0.0983  val BA 0.9628  (31.8s)
    epoch  38  train 0.0484  val 0.0932  val BA 0.9628  (32.2s)
    epoch  39  train 0.0278  val 0.0941  val BA 0.9628  (33.7s)
    epoch  40  train 0.0303  val 0.0922  val BA 0.9628  (32.2s)
    epoch  41  train 0.0302  val 0.0947  val BA 0.9692  (34.8s)
    epoch  42  train 0.0265  val 0.0939  val BA 0.9628  (33.9s)
    epoch  43  train 0.0318  val 0.0929  val BA 0.9551  (32.3s)
    epoch  44  train 0.0319  val 0.0932  val BA 0.9628  (34.9s)
    epoch  45  train 0.0281  val 0.0927  val BA 0.9628  (34.8s)
    epoch  46  train 0.0212  val 0.0914  val BA 0.9692  (34.0s)
    epoch  47  train 0.0230  val 0.0882  val BA 0.9769  (34.5s)
    epoch  48  train 0.0182  val 0.0909  val BA 0.9705  (35.2s)
    epoch  49  train 0.0237  val 0.0917  val BA 0.9705  (34.9s)
  [lr search] lsnet_t lr=3e-05 -> fold-0 val BA 0.9769
  selected lr=3e-05 (fold-0 val BA 0.9769); fixed for all folds
  -- fold 0
    epoch   0  train 0.6900  val 0.6637  val BA 0.6692  (32.8s)
    epoch   1  train 0.5957  val 0.5844  val BA 0.8949  (32.1s)
    epoch   2  train 0.5095  val 8.9997  val BA 0.7090  (25.2s)
    epoch   3  train 0.4304  val 0.3985  val BA 0.9359  (29.6s)
    epoch   4  train 0.3793  val 0.3454  val BA 0.9487  (35.1s)
    epoch   5  train 0.3259  val 0.3035  val BA 0.9487  (33.7s)
    epoch   6  train 0.2936  val 0.2727  val BA 0.9423  (32.1s)
    epoch   7  train 0.2540  val 0.2498  val BA 0.9615  (33.4s)
    epoch   8  train 0.2397  val 0.2262  val BA 0.9615  (26.5s)
    epoch   9  train 0.2203  val 0.2098  val BA 0.9615  (25.2s)
    epoch  10  train 0.1941  val 0.1943  val BA 0.9615  (34.3s)
    epoch  11  train 0.1888  val 0.1853  val BA 0.9615  (36.1s)
    epoch  12  train 0.1596  val 0.1747  val BA 0.9615  (32.4s)
    epoch  13  train 0.1429  val 0.1664  val BA 0.9615  (33.7s)
    epoch  14  train 0.1397  val 0.1599  val BA 0.9615  (34.6s)
    epoch  15  train 0.1279  val 0.1485  val BA 0.9615  (31.8s)
    epoch  16  train 0.1244  val 0.1453  val BA 0.9615  (36.1s)
    epoch  17  train 0.1160  val 0.1420  val BA 0.9615  (33.5s)
    epoch  18  train 0.1037  val 0.1394  val BA 0.9615  (33.9s)
    epoch  19  train 0.1190  val 0.1361  val BA 0.9615  (34.7s)
    epoch  20  train 0.0999  val 0.1349  val BA 0.9615  (30.7s)
    epoch  21  train 0.0987  val 0.1260  val BA 0.9615  (31.7s)
    epoch  22  train 0.1113  val 0.1225  val BA 0.9615  (33.8s)
    epoch  23  train 0.0867  val 0.1221  val BA 0.9615  (34.7s)
    epoch  24  train 0.0811  val 0.1217  val BA 0.9615  (37.7s)
    epoch  25  train 0.0670  val 0.1207  val BA 0.9615  (34.6s)
    epoch  26  train 0.0686  val 0.1201  val BA 0.9615  (31.9s)
    epoch  27  train 0.0640  val 0.1157  val BA 0.9551  (33.2s)
    epoch  28  train 0.0509  val 0.1149  val BA 0.9551  (34.9s)
    epoch  29  train 0.0663  val 0.1147  val BA 0.9615  (35.6s)
    epoch  30  train 0.0634  val 0.1100  val BA 0.9487  (35.2s)
    epoch  31  train 0.0634  val 0.1073  val BA 0.9487  (27.8s)
    epoch  32  train 0.0497  val 0.1038  val BA 0.9487  (31.5s)
    epoch  33  train 0.0635  val 0.1030  val BA 0.9628  (22.8s)
    epoch  34  train 0.0510  val 0.1008  val BA 0.9641  (26.0s)
    epoch  35  train 0.0408  val 0.0987  val BA 0.9641  (25.8s)
    epoch  36  train 0.0511  val 0.0976  val BA 0.9628  (26.7s)
    epoch  37  train 0.0374  val 0.0983  val BA 0.9628  (26.7s)
    epoch  38  train 0.0484  val 0.0932  val BA 0.9628  (27.0s)
    epoch  39  train 0.0278  val 0.0941  val BA 0.9628  (25.7s)
    epoch  40  train 0.0303  val 0.0922  val BA 0.9628  (24.0s)
    epoch  41  train 0.0302  val 0.0947  val BA 0.9692  (25.0s)
    epoch  42  train 0.0265  val 0.0939  val BA 0.9628  (28.9s)
    epoch  43  train 0.0318  val 0.0929  val BA 0.9551  (23.2s)
    epoch  44  train 0.0319  val 0.0932  val BA 0.9628  (26.5s)
    epoch  45  train 0.0281  val 0.0927  val BA 0.9628  (26.8s)
    epoch  46  train 0.0212  val 0.0914  val BA 0.9692  (23.8s)
    epoch  47  train 0.0230  val 0.0882  val BA 0.9769  (26.7s)
    epoch  48  train 0.0182  val 0.0909  val BA 0.9705  (25.1s)
    epoch  49  train 0.0237  val 0.0917  val BA 0.9705  (23.9s)
     checkpoint -> ./model_save/you_chalk_brood/fold0_original/lsnet_t.pt
     fold 0 test BA = 0.9547
  -- fold 1
    epoch   0  train 0.6893  val 0.6499  val BA 0.7360  (27.6s)
    epoch   1  train 0.5817  val 0.5531  val BA 0.8908  (27.8s)
    epoch   2  train 0.5020  val 0.4550  val BA 0.9390  (25.1s)
    epoch   3  train 0.4323  val 0.3821  val BA 0.9581  (29.5s)
    epoch   4  train 0.3694  val 0.3391  val BA 0.9522  (28.7s)
    epoch   5  train 0.3350  val 0.3017  val BA 0.9585  (30.9s)
    epoch   6  train 0.2877  val 0.2725  val BA 0.9585  (29.2s)
    epoch   7  train 0.2644  val 0.2474  val BA 0.9526  (27.9s)
    epoch   8  train 0.2615  val 0.2274  val BA 0.9526  (26.8s)
    epoch   9  train 0.2230  val 0.2136  val BA 0.9526  (24.2s)
    epoch  10  train 0.2068  val 0.1945  val BA 0.9526  (21.4s)
    epoch  11  train 0.1903  val 0.1864  val BA 0.9526  (27.9s)
    epoch  12  train 0.1782  val 0.1780  val BA 0.9526  (38.8s)
    epoch  13  train 0.1644  val 0.1695  val BA 0.9526  (35.3s)
    epoch  14  train 0.1608  val 0.1606  val BA 0.9526  (30.4s)
    epoch  15  train 0.1433  val 0.1494  val BA 0.9526  (35.3s)
    epoch  16  train 0.1396  val 0.1419  val BA 0.9526  (29.9s)
    epoch  17  train 0.1307  val 0.1375  val BA 0.9588  (31.5s)
    epoch  18  train 0.1260  val 0.1278  val BA 0.9588  (33.8s)
    epoch  19  train 0.1207  val 0.1225  val BA 0.9640  (32.3s)
    epoch  20  train 0.0996  val 0.1193  val BA 0.9643  (33.7s)
    epoch  21  train 0.1101  val 0.1108  val BA 0.9706  (37.6s)
    epoch  22  train 0.1120  val 0.1019  val BA 0.9824  (34.1s)
    epoch  23  train 0.0821  val 0.1005  val BA 0.9706  (33.1s)
    epoch  24  train 0.0698  val 0.0976  val BA 0.9824  (33.7s)
    epoch  25  train 0.0730  val 0.0942  val BA 0.9875  (31.7s)
    epoch  26  train 0.0809  val 0.0878  val BA 0.9941  (32.6s)
    epoch  27  train 0.0792  val 0.0823  val BA 0.9938  (32.7s)
    epoch  28  train 0.0597  val 0.0799  val BA 0.9941  (31.1s)
    epoch  29  train 0.0539  val 0.0801  val BA 0.9882  (28.0s)
    epoch  30  train 0.0416  val 0.0754  val BA 0.9941  (28.5s)
    epoch  31  train 0.0478  val 0.0701  val BA 1.0000  (27.2s)
    epoch  32  train 0.0383  val 0.0688  val BA 0.9938  (32.1s)
    epoch  33  train 0.0457  val 0.0681  val BA 0.9941  (31.3s)
    epoch  34  train 0.0379  val 0.0658  val BA 1.0000  (22.4s)
    epoch  35  train 0.0433  val 0.0649  val BA 0.9875  (23.7s)
    epoch  36  train 0.0290  val 0.0607  val BA 0.9941  (30.8s)
    epoch  37  train 0.0347  val 0.0576  val BA 0.9941  (40.5s)
    epoch  38  train 0.0286  val 0.0595  val BA 0.9816  (40.2s)
    epoch  39  train 0.0357  val 0.0633  val BA 0.9706  (40.6s)
    epoch  40  train 0.0289  val 0.0571  val BA 0.9820  (41.6s)
    epoch  41  train 0.0229  val 0.0543  val BA 0.9816  (43.4s)
    epoch  42  train 0.0248  val 0.0517  val BA 0.9941  (40.4s)
    epoch  43  train 0.0211  val 0.0528  val BA 0.9875  (42.0s)
    epoch  44  train 0.0400  val 0.0480  val BA 0.9938  (41.0s)
    epoch  45  train 0.0292  val 0.0506  val BA 0.9875  (41.1s)
    epoch  46  train 0.0221  val 0.0556  val BA 0.9754  (39.6s)
    epoch  47  train 0.0236  val 0.0489  val BA 0.9941  (39.6s)
    epoch  48  train 0.0204  val 0.0484  val BA 0.9816  (43.1s)
    epoch  49  train 0.0221  val 0.0445  val BA 0.9816  (42.0s)
     checkpoint -> ./model_save/you_chalk_brood/fold1_original/lsnet_t.pt
     fold 1 test BA = 0.9669
  -- fold 2
    epoch   0  train 0.6785  val 0.6550  val BA 0.7868  (49.6s)
    epoch   1  train 0.5779  val 0.5512  val BA 0.9021  (44.5s)
    epoch   2  train 0.5107  val 0.4552  val BA 0.9224  (47.9s)
    epoch   3  train 0.4630  val 0.4514  val BA 0.9540  (45.5s)
    epoch   4  train 0.4243  val 0.3778  val BA 0.9431  (47.3s)
    epoch   5  train 0.3844  val 0.3610  val BA 0.9599  (48.7s)
    epoch   6  train 0.3560  val 0.3373  val BA 0.9653  (46.8s)
    epoch   7  train 0.3408  val 0.3064  val BA 0.9653  (49.9s)
    epoch   8  train 0.3191  val 1.7433  val BA 0.9327  (43.7s)
    epoch   9  train 0.3002  val 0.2732  val BA 0.9653  (40.6s)
    epoch  10  train 0.2784  val 0.2578  val BA 0.9653  (47.7s)
    epoch  11  train 0.2910  val 0.2485  val BA 0.9653  (40.3s)
    epoch  12  train 0.2666  val 0.2343  val BA 0.9653  (47.6s)
    epoch  13  train 0.2517  val 0.2442  val BA 0.9599  (47.3s)
    epoch  14  train 0.2548  val 1.7725  val BA 0.9599  (46.7s)
    epoch  15  train 0.2363  val 0.4187  val BA 0.9599  (48.7s)
    epoch  16  train 0.2259  val 0.2099  val BA 0.9653  (46.7s)
    epoch  17  train 0.2206  val 0.1890  val BA 0.9653  (47.0s)
    epoch  18  train 0.2086  val 0.2575  val BA 0.9545  (44.3s)
    epoch  19  train 0.1974  val 0.1949  val BA 0.9653  (46.1s)
    epoch  20  train 0.1990  val 0.1977  val BA 0.9599  (48.0s)
    epoch  21  train 0.1983  val 0.2153  val BA 0.9545  (47.2s)
    epoch  22  train 0.2054  val 0.1799  val BA 0.9653  (49.3s)
    epoch  23  train 0.1937  val 0.1766  val BA 0.9653  (48.2s)
    epoch  24  train 0.1757  val 0.1785  val BA 0.9653  (49.8s)
    epoch  25  train 0.1816  val 0.1612  val BA 0.9653  (48.6s)
    epoch  26  train 0.1659  val 0.1649  val BA 0.9653  (48.8s)
    epoch  27  train 0.1607  val 0.1980  val BA 0.9436  (44.2s)
    epoch  28  train 0.1778  val 0.1914  val BA 0.9653  (47.0s)
    epoch  29  train 0.1789  val 0.1724  val BA 0.9653  (46.1s)
    epoch  30  train 0.1683  val 0.1574  val BA 0.9653  (45.5s)
    epoch  31  train 0.1676  val 0.1520  val BA 0.9653  (38.5s)
    epoch  32  train 0.1684  val 0.1528  val BA 0.9653  (38.0s)
    epoch  33  train 0.1676  val 0.1512  val BA 0.9653  (35.2s)
    epoch  34  train 0.1618  val 0.1401  val BA 0.9653  (34.5s)
    epoch  35  train 0.1642  val 0.1367  val BA 0.9653  (33.5s)
    epoch  36  train 0.1562  val 0.1398  val BA 0.9653  (28.8s)
    epoch  37  train 0.1486  val 0.1400  val BA 0.9653  (32.9s)
    epoch  38  train 0.1563  val 0.1265  val BA 0.9653  (42.0s)
    epoch  39  train 0.1488  val 0.1344  val BA 0.9653  (37.8s)
    epoch  40  train 0.1401  val 0.1302  val BA 0.9653  (34.4s)
    epoch  41  train 0.1435  val 0.1278  val BA 0.9653  (34.9s)
    epoch  42  train 0.1521  val 0.1268  val BA 0.9653  (40.7s)
    epoch  43  train 0.1633  val 0.1245  val BA 0.9653  (34.2s)
    epoch  44  train 0.1296  val 0.1216  val BA 0.9703  (35.7s)
    epoch  45  train 0.1471  val 0.1187  val BA 0.9653  (32.4s)
    epoch  46  train 0.1347  val 0.1160  val BA 0.9653  (35.0s)
    epoch  47  train 0.1309  val 0.1151  val BA 0.9703  (34.3s)
    epoch  48  train 0.1380  val 0.1150  val BA 0.9653  (35.9s)
    epoch  49  train 0.1257  val 0.1174  val BA 0.9653  (39.1s)
     checkpoint -> ./model_save/you_chalk_brood/fold2_original/lsnet_t.pt
     fold 2 test BA = 0.9707
  wrote ./results/oof_you_chalk_brood_lsnet_t_original.csv (1000 rows)

=== you_chalk_brood / mambavision (ImageNet-pretrained) ===
  [lr search] mambavision lr=0.001
    epoch   0  train 0.1968  val 0.4676  val BA 0.9615  (28.2s)
    epoch   1  train 0.1389  val 0.2593  val BA 0.8769  (25.1s)
    epoch   2  train 0.1216  val 0.1120  val BA 0.9615  (26.0s)
    epoch   3  train 0.0917  val 0.0782  val BA 0.9615  (29.8s)
    epoch   4  train 0.0707  val 0.0836  val BA 0.9692  (27.6s)
    epoch   5  train 0.0835  val 0.0819  val BA 0.9615  (26.3s)
    epoch   6  train 0.1015  val 0.1046  val BA 0.9615  (24.2s)
    epoch   7  train 0.0888  val 0.1129  val BA 0.9615  (29.5s)
    epoch   8  train 0.1078  val 0.1019  val BA 0.9615  (37.2s)
    epoch   9  train 0.0936  val 0.0892  val BA 0.9615  (32.7s)
    epoch  10  train 0.0677  val 0.0831  val BA 0.9615  (37.0s)
    epoch  11  train 0.0654  val 0.1310  val BA 0.9615  (34.6s)
    epoch  12  train 0.0650  val 0.0769  val BA 0.9615  (33.4s)
    epoch  13  train 0.0604  val 0.0742  val BA 0.9615  (35.2s)
    epoch  14  train 0.0700  val 0.0857  val BA 0.9615  (37.7s)
    epoch  15  train 0.0647  val 0.0800  val BA 0.9615  (25.6s)
    epoch  16  train 0.0680  val 0.0741  val BA 0.9615  (28.8s)
    epoch  17  train 0.0617  val 0.0674  val BA 0.9692  (33.9s)
    epoch  18  train 0.0776  val 0.1068  val BA 0.9641  (32.7s)
    epoch  19  train 0.0835  val 0.0932  val BA 0.9615  (35.0s)
    epoch  20  train 0.0730  val 0.0930  val BA 0.9615  (35.8s)
    epoch  21  train 0.0793  val 0.0805  val BA 0.9615  (33.8s)
    epoch  22  train 0.0682  val 0.0906  val BA 0.9551  (34.7s)
    epoch  23  train 0.0739  val 0.0829  val BA 0.9615  (32.5s)
    epoch  24  train 0.0661  val 0.0841  val BA 0.9705  (35.1s)
    epoch  25  train 0.0512  val 0.1520  val BA 0.9410  (35.6s)
    epoch  26  train 0.0531  val 0.1990  val BA 0.9346  (35.8s)
    epoch  27  train 0.0692  val 0.1260  val BA 0.9385  (36.0s)
    early stop at epoch 27 (best epoch 17, val loss 0.0674)
  [lr search] mambavision lr=0.001 -> fold-0 val BA 0.9692
  [lr search] mambavision lr=0.0003
    epoch   0  train 0.1720  val 0.0986  val BA 0.9615  (34.7s)
    epoch   1  train 0.1010  val 0.1311  val BA 0.9410  (32.1s)
    epoch   2  train 0.1029  val 0.0972  val BA 0.9615  (28.6s)
    epoch   3  train 0.0820  val 0.0702  val BA 0.9551  (28.9s)
    epoch   4  train 0.0480  val 0.0865  val BA 0.9615  (35.2s)
    epoch   5  train 0.0314  val 0.1337  val BA 0.9615  (34.0s)
    epoch   6  train 0.0550  val 0.0768  val BA 0.9769  (32.7s)
    epoch   7  train 0.0215  val 0.1945  val BA 0.9551  (32.1s)
    epoch   8  train 0.0176  val 0.1832  val BA 0.9615  (35.6s)
    epoch   9  train 0.0143  val 0.3644  val BA 0.9269  (31.8s)
    epoch  10  train 0.0386  val 0.1404  val BA 0.9615  (34.4s)
    epoch  11  train 0.0144  val 0.2059  val BA 0.9615  (34.8s)
    epoch  12  train 0.0192  val 0.0839  val BA 0.9564  (30.1s)
    epoch  13  train 0.0075  val 0.0803  val BA 0.9705  (31.8s)
    early stop at epoch 13 (best epoch 3, val loss 0.0702)
  [lr search] mambavision lr=0.0003 -> fold-0 val BA 0.9551
  [lr search] mambavision lr=0.0001
    epoch   0  train 0.2328  val 0.0980  val BA 0.9615  (33.6s)
    epoch   1  train 0.0789  val 0.0864  val BA 0.9615  (33.7s)
    epoch   2  train 0.0618  val 0.0747  val BA 0.9615  (33.5s)
    epoch   3  train 0.0707  val 0.0697  val BA 0.9705  (36.3s)
    epoch   4  train 0.0453  val 0.0833  val BA 0.9615  (31.8s)
    epoch   5  train 0.0402  val 0.1208  val BA 0.9615  (35.0s)
    epoch   6  train 0.0524  val 0.0896  val BA 0.9615  (35.6s)
    epoch   7  train 0.0234  val 0.0666  val BA 0.9795  (35.6s)
    epoch   8  train 0.0320  val 0.1402  val BA 0.9615  (35.5s)
    epoch   9  train 0.0059  val 0.0847  val BA 0.9410  (33.8s)
    epoch  10  train 0.0047  val 0.0704  val BA 0.9692  (35.8s)
    epoch  11  train 0.0039  val 0.0613  val BA 0.9795  (26.6s)
    epoch  12  train 0.0034  val 0.1965  val BA 0.9615  (33.0s)
    epoch  13  train 0.0089  val 0.1808  val BA 0.9615  (32.4s)
    epoch  14  train 0.0119  val 0.1269  val BA 0.9474  (35.1s)
    epoch  15  train 0.0065  val 0.0742  val BA 0.9654  (32.7s)
    epoch  16  train 0.0033  val 0.1579  val BA 0.9615  (32.5s)
    epoch  17  train 0.0044  val 0.0594  val BA 0.9859  (31.8s)
    epoch  18  train 0.0046  val 0.1095  val BA 0.9769  (36.0s)
    epoch  19  train 0.0057  val 0.1948  val BA 0.9692  (33.8s)
    epoch  20  train 0.0007  val 0.1559  val BA 0.9769  (37.1s)
    epoch  21  train 0.0004  val 0.1274  val BA 0.9769  (31.4s)
    epoch  22  train 0.0007  val 0.1246  val BA 0.9769  (23.5s)
    epoch  23  train 0.0004  val 0.1084  val BA 0.9769  (33.9s)
    epoch  24  train 0.0005  val 0.1074  val BA 0.9769  (32.6s)
    epoch  25  train 0.0001  val 0.1115  val BA 0.9769  (36.5s)
    epoch  26  train 0.0004  val 0.1151  val BA 0.9769  (35.1s)
    epoch  27  train 0.0001  val 0.1095  val BA 0.9769  (32.0s)
    early stop at epoch 27 (best epoch 17, val loss 0.0594)
  [lr search] mambavision lr=0.0001 -> fold-0 val BA 0.9859
  [lr search] mambavision lr=3e-05
    epoch   0  train 0.4464  val 0.2651  val BA 0.9308  (34.7s)
    epoch   1  train 0.1577  val 0.1061  val BA 0.9615  (36.1s)
    epoch   2  train 0.0793  val 0.0891  val BA 0.9615  (34.3s)
    epoch   3  train 0.0728  val 0.0806  val BA 0.9615  (33.5s)
    epoch   4  train 0.0594  val 0.0987  val BA 0.9615  (33.8s)
    epoch   5  train 0.0509  val 0.0795  val BA 0.9615  (34.8s)
    epoch   6  train 0.0614  val 0.0738  val BA 0.9615  (32.8s)
    epoch   7  train 0.0566  val 0.0810  val BA 0.9615  (24.1s)
    epoch   8  train 0.0596  val 0.0769  val BA 0.9615  (28.7s)
    epoch   9  train 0.0460  val 0.0819  val BA 0.9615  (25.0s)
    epoch  10  train 0.0235  val 0.0738  val BA 0.9551  (26.9s)
    epoch  11  train 0.0224  val 0.0774  val BA 0.9628  (24.0s)
    epoch  12  train 0.0115  val 0.0859  val BA 0.9628  (30.3s)
    epoch  13  train 0.0117  val 0.0751  val BA 0.9628  (31.4s)
    epoch  14  train 0.0145  val 0.0765  val BA 0.9577  (29.5s)
    epoch  15  train 0.0100  val 0.1126  val BA 0.9615  (34.9s)
    epoch  16  train 0.0065  val 0.1085  val BA 0.9615  (25.0s)
    epoch  17  train 0.0118  val 0.0939  val BA 0.9641  (23.9s)
    epoch  18  train 0.0036  val 0.1535  val BA 0.9615  (25.0s)
    epoch  19  train 0.0109  val 0.1521  val BA 0.9615  (25.8s)
    epoch  20  train 0.0032  val 0.1055  val BA 0.9641  (23.2s)
    early stop at epoch 20 (best epoch 10, val loss 0.0738)
  [lr search] mambavision lr=3e-05 -> fold-0 val BA 0.9551
  selected lr=0.0001 (fold-0 val BA 0.9859); fixed for all folds
  -- fold 0
    epoch   0  train 0.2328  val 0.0980  val BA 0.9615  (23.6s)
    epoch   1  train 0.0788  val 0.0864  val BA 0.9615  (27.5s)
    epoch   2  train 0.0618  val 0.0747  val BA 0.9615  (28.2s)
    epoch   3  train 0.0706  val 0.0700  val BA 0.9705  (27.8s)
    epoch   4  train 0.0458  val 0.0833  val BA 0.9615  (27.1s)
    epoch   5  train 0.0426  val 0.1224  val BA 0.9615  (28.3s)
    epoch   6  train 0.0512  val 0.0892  val BA 0.9615  (25.7s)
    epoch   7  train 0.0252  val 0.0750  val BA 0.9872  (27.6s)
    epoch   8  train 0.0346  val 0.1573  val BA 0.9615  (29.4s)
    epoch   9  train 0.0081  val 0.0838  val BA 0.9603  (25.0s)
    epoch  10  train 0.0051  val 0.0790  val BA 0.9692  (23.2s)
    epoch  11  train 0.0039  val 0.0570  val BA 0.9782  (27.8s)
    epoch  12  train 0.0033  val 0.0926  val BA 0.9692  (28.6s)
    epoch  13  train 0.0120  val 0.1511  val BA 0.9346  (28.7s)
    epoch  14  train 0.0019  val 0.1394  val BA 0.9615  (24.2s)
    epoch  15  train 0.0047  val 0.1771  val BA 0.9346  (24.8s)
    epoch  16  train 0.0032  val 0.2305  val BA 0.9615  (24.5s)
    epoch  17  train 0.0039  val 0.1202  val BA 0.9474  (28.4s)
    epoch  18  train 0.0015  val 0.0757  val BA 0.9782  (26.2s)
    epoch  19  train 0.0051  val 0.1002  val BA 0.9769  (30.1s)
    epoch  20  train 0.0008  val 0.1523  val BA 0.9692  (35.0s)
    epoch  21  train 0.0007  val 0.1056  val BA 0.9769  (29.2s)
    early stop at epoch 21 (best epoch 11, val loss 0.0570)
     checkpoint -> ./model_save/you_chalk_brood/fold0_original/mambavision.pt
     fold 0 test BA = 0.9521
  -- fold 1
    epoch   0  train 0.2766  val 0.1053  val BA 0.9526  (33.0s)
    epoch   1  train 0.1182  val 0.1144  val BA 0.9526  (34.1s)
    epoch   2  train 0.1140  val 0.0781  val BA 0.9640  (31.6s)
    epoch   3  train 0.0833  val 0.1552  val BA 0.9588  (30.4s)
    epoch   4  train 0.0881  val 0.0692  val BA 0.9691  (30.5s)
    epoch   5  train 0.0517  val 0.0577  val BA 0.9754  (34.7s)
    epoch   6  train 0.0607  val 0.0571  val BA 0.9765  (32.9s)
    epoch   7  train 0.0266  val 0.0695  val BA 0.9761  (31.0s)
    epoch   8  train 0.0199  val 0.1205  val BA 0.9765  (34.5s)
    epoch   9  train 0.0159  val 0.1918  val BA 0.9588  (41.7s)
    epoch  10  train 0.0208  val 0.0803  val BA 0.9824  (40.6s)
    epoch  11  train 0.0109  val 0.0352  val BA 0.9816  (35.2s)
    epoch  12  train 0.0070  val 0.0493  val BA 0.9699  (39.2s)
    epoch  13  train 0.0015  val 0.0884  val BA 0.9699  (40.4s)
    epoch  14  train 0.0016  val 0.0911  val BA 0.9699  (40.0s)
    epoch  15  train 0.0007  val 0.0977  val BA 0.9699  (41.2s)
    epoch  16  train 0.0007  val 0.1010  val BA 0.9699  (38.7s)
    epoch  17  train 0.0014  val 0.1178  val BA 0.9699  (39.1s)
    epoch  18  train 0.0013  val 0.1028  val BA 0.9699  (37.8s)
    epoch  19  train 0.0009  val 0.1006  val BA 0.9699  (36.6s)
    epoch  20  train 0.0003  val 0.0983  val BA 0.9699  (38.1s)
    epoch  21  train 0.0007  val 0.1030  val BA 0.9699  (40.7s)
    early stop at epoch 21 (best epoch 11, val loss 0.0352)
     checkpoint -> ./model_save/you_chalk_brood/fold1_original/mambavision.pt
     fold 1 test BA = 0.9758
  -- fold 2
    epoch   0  train 0.2580  val 0.1084  val BA 0.9594  (41.5s)
    epoch   1  train 0.1306  val 0.0940  val BA 0.9653  (43.2s)
    epoch   2  train 0.1368  val 0.0865  val BA 0.9649  (43.8s)
    epoch   3  train 0.1091  val 0.0948  val BA 0.9649  (45.3s)
    epoch   4  train 0.0825  val 0.1082  val BA 0.9629  (45.2s)
    epoch   5  train 0.0905  val 0.0858  val BA 0.9792  (43.7s)
    epoch   6  train 0.0753  val 0.0956  val BA 0.9738  (46.8s)
    epoch   7  train 0.0647  val 0.0767  val BA 0.9792  (44.7s)
    epoch   8  train 0.0438  val 0.0901  val BA 0.9738  (46.1s)
    epoch   9  train 0.0519  val 0.0662  val BA 0.9901  (43.3s)
    epoch  10  train 0.0318  val 0.0734  val BA 0.9792  (43.7s)
    epoch  11  train 0.0191  val 0.0792  val BA 0.9684  (44.2s)
    epoch  12  train 0.0229  val 0.0824  val BA 0.9792  (46.2s)
    epoch  13  train 0.0476  val 0.1544  val BA 0.9521  (46.1s)
    epoch  14  train 0.0337  val 0.0677  val BA 0.9851  (38.1s)
    epoch  15  train 0.0178  val 0.0867  val BA 0.9797  (44.3s)
    epoch  16  train 0.0363  val 0.1081  val BA 0.9752  (47.6s)
    epoch  17  train 0.0327  val 0.0942  val BA 0.9679  (45.5s)
    epoch  18  train 0.0278  val 0.2356  val BA 0.9135  (48.2s)
    epoch  19  train 0.0193  val 0.0887  val BA 0.9847  (47.9s)
    early stop at epoch 19 (best epoch 9, val loss 0.0662)
     checkpoint -> ./model_save/you_chalk_brood/fold2_original/mambavision.pt
     fold 2 test BA = 0.9771
  wrote ./results/oof_you_chalk_brood_mambavision_original.csv (1000 rows)
wrote ./results/lr_selected_you_chalk_brood_original.csv
+ python ./train_cv.py --data-root ./data --task you_foulbrood --models conformer lsnet_t mambavision --grouped --run-tag original --manifest-dir ./results --out-dir ./results --ckpt-dir ./model_save --device cuda
/root/anaconda3/lib/python3.12/site-packages/timm/models/layers/__init__.py:48: FutureWarning: Importing from timm.models.layers is deprecated, please import via timm.layers
  warnings.warn(f"Importing from {__name__} is deprecated, please import via timm.layers", FutureWarning)
device: cuda
manifest: ./results/split_manifest_grouped_you_foulbrood.csv (3000 rows)

=== you_foulbrood / conformer (ImageNet-pretrained) ===
  [lr search] conformer lr=0.001
    epoch   0  train 0.3422  val 0.9162  val BA 0.6578  (44.2s)
    epoch   1  train 0.1625  val 5.6956  val BA 0.6142  (37.7s)
    epoch   2  train 0.1671  val 2.3804  val BA 0.6193  (38.2s)
    epoch   3  train 0.2781  val 0.3153  val BA 0.8207  (40.8s)
    epoch   4  train 0.1702  val 0.1652  val BA 0.9471  (39.7s)
    epoch   5  train 0.1245  val 0.1066  val BA 0.9588  (41.7s)
    epoch   6  train 0.1116  val 0.1257  val BA 0.9412  (38.0s)
    epoch   7  train 0.0965  val 0.1466  val BA 0.9706  (33.7s)
    epoch   8  train 0.1111  val 0.0979  val BA 0.9663  (38.8s)
    epoch   9  train 0.0840  val 0.1832  val BA 0.9706  (40.4s)
    epoch  10  train 0.0929  val 0.0887  val BA 0.9588  (39.3s)
    epoch  11  train 0.0522  val 0.0622  val BA 0.9600  (40.0s)
    epoch  12  train 0.0453  val 0.0536  val BA 0.9824  (37.7s)
    epoch  13  train 0.0806  val 0.1407  val BA 0.9494  (38.9s)
    epoch  14  train 0.0959  val 0.1177  val BA 0.9471  (40.0s)
    epoch  15  train 0.0487  val 0.1013  val BA 0.9592  (38.5s)
    epoch  16  train 0.0131  val 0.1281  val BA 0.9647  (40.8s)
    epoch  17  train 0.0268  val 0.3264  val BA 0.9294  (40.1s)
    epoch  18  train 0.1038  val 0.3273  val BA 0.9192  (39.1s)
    epoch  19  train 0.0844  val 1.4187  val BA 0.8247  (43.0s)
    epoch  20  train 0.0815  val 0.3606  val BA 0.9255  (36.6s)
    epoch  21  train 0.0922  val 0.1864  val BA 0.9706  (39.2s)
    epoch  22  train 0.0521  val 0.1239  val BA 0.9714  (40.9s)
    early stop at epoch 22 (best epoch 12, val loss 0.0536)
  [lr search] conformer lr=0.001 -> fold-0 val BA 0.9824
  [lr search] conformer lr=0.0003
    epoch   0  train 0.1895  val 0.0846  val BA 0.9772  (41.8s)
    epoch   1  train 0.1108  val 0.0749  val BA 0.9765  (30.5s)
    epoch   2  train 0.1677  val 0.1285  val BA 0.9471  (23.7s)
    epoch   3  train 0.1035  val 0.0606  val BA 0.9655  (24.9s)
    epoch   4  train 0.1315  val 0.0792  val BA 0.9765  (28.5s)
    epoch   5  train 0.1224  val 0.0587  val BA 0.9765  (23.9s)
    epoch   6  train 0.0688  val 0.0459  val BA 0.9824  (26.3s)
    epoch   7  train 0.0591  val 0.1171  val BA 0.9765  (23.5s)
    epoch   8  train 0.0653  val 0.0563  val BA 0.9886  (27.0s)
    epoch   9  train 0.0371  val 0.0521  val BA 0.9776  (29.2s)
    epoch  10  train 0.0349  val 0.1104  val BA 0.9447  (28.3s)
    epoch  11  train 0.0221  val 0.0296  val BA 0.9890  (23.0s)
    epoch  12  train 0.0210  val 0.0427  val BA 0.9765  (28.4s)
    epoch  13  train 0.0338  val 0.0491  val BA 0.9824  (27.5s)
    epoch  14  train 0.0195  val 0.0143  val BA 0.9945  (24.2s)
    epoch  15  train 0.0139  val 0.0179  val BA 0.9945  (28.2s)
    epoch  16  train 0.0026  val 0.0127  val BA 0.9941  (27.7s)
    epoch  17  train 0.0009  val 0.0097  val BA 0.9941  (24.0s)
    epoch  18  train 0.0002  val 0.0077  val BA 0.9941  (28.0s)
    epoch  19  train 0.0001  val 0.0120  val BA 0.9941  (25.1s)
    epoch  20  train 0.0000  val 0.0099  val BA 0.9941  (24.6s)
    epoch  21  train 0.0000  val 0.0079  val BA 0.9941  (30.8s)
    epoch  22  train 0.0000  val 0.0072  val BA 0.9941  (27.7s)
    epoch  23  train 0.0000  val 0.0068  val BA 0.9941  (35.8s)
    epoch  24  train 0.0000  val 0.0123  val BA 0.9941  (25.7s)
    epoch  25  train 0.0000  val 0.0077  val BA 0.9941  (28.0s)
    epoch  26  train 0.0000  val 0.0105  val BA 0.9941  (26.6s)
    epoch  27  train 0.0000  val 0.0100  val BA 0.9941  (19.5s)
    epoch  28  train 0.0000  val 0.0117  val BA 0.9941  (22.4s)
    epoch  29  train 0.0000  val 0.0166  val BA 0.9941  (17.8s)
    epoch  30  train 0.0000  val 0.0134  val BA 0.9941  (19.8s)
    epoch  31  train 0.0000  val 0.0111  val BA 0.9941  (21.1s)
    epoch  32  train 0.0000  val 0.0179  val BA 0.9941  (20.0s)
    epoch  33  train 0.0000  val 0.0121  val BA 0.9941  (23.0s)
    early stop at epoch 33 (best epoch 23, val loss 0.0068)
  [lr search] conformer lr=0.0003 -> fold-0 val BA 0.9941
  [lr search] conformer lr=0.0001
    epoch   0  train 0.2282  val 0.0603  val BA 0.9824  (19.6s)
    epoch   1  train 0.0826  val 0.0514  val BA 0.9824  (23.9s)
    epoch   2  train 0.0646  val 0.0352  val BA 0.9827  (21.0s)
    epoch   3  train 0.0529  val 0.0504  val BA 0.9890  (25.8s)
    epoch   4  train 0.0522  val 0.0327  val BA 0.9886  (24.5s)
    epoch   5  train 0.0297  val 0.0830  val BA 0.9670  (19.6s)
    epoch   6  train 0.0283  val 0.0360  val BA 0.9831  (27.3s)
    epoch   7  train 0.0538  val 0.0418  val BA 0.9765  (29.4s)
    epoch   8  train 0.0296  val 0.0292  val BA 0.9882  (24.3s)
    epoch   9  train 0.0068  val 0.0148  val BA 0.9941  (27.0s)
    epoch  10  train 0.0010  val 0.0214  val BA 0.9886  (26.2s)
    epoch  11  train 0.0005  val 0.0399  val BA 0.9941  (30.9s)
    epoch  12  train 0.0005  val 0.0445  val BA 0.9831  (24.8s)
    epoch  13  train 0.0003  val 0.0272  val BA 0.9941  (20.9s)
    epoch  14  train 0.0003  val 0.0221  val BA 0.9941  (23.1s)
    epoch  15  train 0.0001  val 0.0235  val BA 0.9882  (23.2s)
    epoch  16  train 0.0006  val 0.0530  val BA 0.9882  (21.4s)
    epoch  17  train 0.0508  val 0.0672  val BA 0.9882  (21.5s)
    epoch  18  train 0.0292  val 0.0340  val BA 0.9824  (20.9s)
    epoch  19  train 0.0057  val 0.0143  val BA 0.9941  (23.9s)
    epoch  20  train 0.0012  val 0.0102  val BA 0.9941  (17.0s)
    epoch  21  train 0.0003  val 0.0076  val BA 0.9945  (23.3s)
    epoch  22  train 0.0002  val 0.0172  val BA 0.9945  (18.3s)
    epoch  23  train 0.0001  val 0.0166  val BA 0.9890  (22.5s)
    epoch  24  train 0.0001  val 0.0119  val BA 0.9945  (27.9s)
    epoch  25  train 0.0001  val 0.0127  val BA 0.9945  (27.2s)
    epoch  26  train 0.0001  val 0.0105  val BA 0.9945  (26.0s)
    epoch  27  train 0.0001  val 0.0084  val BA 0.9945  (28.5s)
    epoch  28  train 0.0002  val 0.0157  val BA 0.9945  (22.6s)
    epoch  29  train 0.0001  val 0.0116  val BA 0.9945  (23.9s)
    epoch  30  train 0.0000  val 0.0124  val BA 0.9945  (31.6s)
    epoch  31  train 0.0001  val 0.0098  val BA 0.9945  (26.9s)
    early stop at epoch 31 (best epoch 21, val loss 0.0076)
  [lr search] conformer lr=0.0001 -> fold-0 val BA 0.9945
  [lr search] conformer lr=3e-05
    epoch   0  train 0.4296  val 0.2524  val BA 0.8882  (34.2s)
    epoch   1  train 0.1350  val 0.0876  val BA 0.9824  (32.9s)
    epoch   2  train 0.0847  val 0.0476  val BA 0.9824  (30.0s)
    epoch   3  train 0.0687  val 0.0488  val BA 0.9824  (30.7s)
    epoch   4  train 0.0406  val 0.0438  val BA 0.9827  (30.9s)
    epoch   5  train 0.0263  val 0.0440  val BA 0.9831  (27.1s)
    epoch   6  train 0.0153  val 0.0560  val BA 0.9824  (26.7s)
    epoch   7  train 0.0145  val 0.0450  val BA 0.9886  (27.3s)
    epoch   8  train 0.0089  val 0.0473  val BA 0.9886  (27.4s)
    epoch   9  train 0.0041  val 0.0532  val BA 0.9886  (31.8s)
    epoch  10  train 0.0031  val 0.0643  val BA 0.9831  (30.2s)
    epoch  11  train 0.0020  val 0.0563  val BA 0.9886  (31.6s)
    epoch  12  train 0.0017  val 0.0581  val BA 0.9886  (31.6s)
    epoch  13  train 0.0012  val 0.0590  val BA 0.9886  (35.3s)
    epoch  14  train 0.0013  val 0.0575  val BA 0.9886  (26.5s)
    early stop at epoch 14 (best epoch 4, val loss 0.0438)
  [lr search] conformer lr=3e-05 -> fold-0 val BA 0.9827
  selected lr=0.0001 (fold-0 val BA 0.9945); fixed for all folds
  -- fold 0
    epoch   0  train 0.2282  val 0.0603  val BA 0.9824  (29.1s)
    epoch   1  train 0.0826  val 0.0514  val BA 0.9824  (32.4s)
    epoch   2  train 0.0646  val 0.0352  val BA 0.9827  (28.1s)
    epoch   3  train 0.0529  val 0.0504  val BA 0.9890  (30.9s)
    epoch   4  train 0.0522  val 0.0327  val BA 0.9886  (31.5s)
    epoch   5  train 0.0297  val 0.0830  val BA 0.9670  (31.7s)
    epoch   6  train 0.0283  val 0.0360  val BA 0.9831  (35.5s)
    epoch   7  train 0.0538  val 0.0418  val BA 0.9765  (32.1s)
    epoch   8  train 0.0296  val 0.0292  val BA 0.9882  (29.2s)
    epoch   9  train 0.0068  val 0.0148  val BA 0.9941  (30.2s)
    epoch  10  train 0.0010  val 0.0214  val BA 0.9886  (31.5s)
    epoch  11  train 0.0005  val 0.0399  val BA 0.9941  (32.8s)
    epoch  12  train 0.0005  val 0.0445  val BA 0.9831  (31.7s)
    epoch  13  train 0.0003  val 0.0272  val BA 0.9941  (25.8s)
    epoch  14  train 0.0003  val 0.0221  val BA 0.9941  (28.6s)
    epoch  15  train 0.0001  val 0.0235  val BA 0.9882  (31.3s)
    epoch  16  train 0.0006  val 0.0530  val BA 0.9882  (29.2s)
    epoch  17  train 0.0508  val 0.0672  val BA 0.9882  (28.2s)
    epoch  18  train 0.0292  val 0.0340  val BA 0.9824  (31.7s)
    epoch  19  train 0.0057  val 0.0143  val BA 0.9941  (27.2s)
    epoch  20  train 0.0012  val 0.0102  val BA 0.9941  (29.2s)
    epoch  21  train 0.0003  val 0.0076  val BA 0.9945  (30.6s)
    epoch  22  train 0.0002  val 0.0172  val BA 0.9945  (28.5s)
    epoch  23  train 0.0001  val 0.0166  val BA 0.9890  (28.7s)
    epoch  24  train 0.0001  val 0.0119  val BA 0.9945  (36.3s)
    epoch  25  train 0.0001  val 0.0127  val BA 0.9945  (29.3s)
    epoch  26  train 0.0001  val 0.0105  val BA 0.9945  (27.4s)
    epoch  27  train 0.0001  val 0.0084  val BA 0.9945  (36.2s)
    epoch  28  train 0.0002  val 0.0157  val BA 0.9945  (28.4s)
    epoch  29  train 0.0001  val 0.0116  val BA 0.9945  (23.9s)
    epoch  30  train 0.0000  val 0.0124  val BA 0.9945  (27.8s)
    epoch  31  train 0.0001  val 0.0098  val BA 0.9945  (25.8s)
    early stop at epoch 31 (best epoch 21, val loss 0.0076)
     checkpoint -> ./model_save/you_foulbrood/fold0_original/conformer.pt
     fold 0 test BA = 0.9870
  -- fold 1
    epoch   0  train 0.2286  val 0.1513  val BA 0.9609  (31.6s)
    epoch   1  train 0.0598  val 0.1318  val BA 0.9330  (28.4s)
    epoch   2  train 0.0736  val 0.1035  val BA 0.9685  (28.0s)
    epoch   3  train 0.0300  val 0.0794  val BA 0.9732  (25.8s)
    epoch   4  train 0.0106  val 0.1648  val BA 0.9569  (28.4s)
    epoch   5  train 0.0261  val 0.1145  val BA 0.9650  (26.2s)
    epoch   6  train 0.0152  val 0.1090  val BA 0.9697  (23.0s)
    epoch   7  train 0.0148  val 0.0878  val BA 0.9872  (29.5s)
    epoch   8  train 0.0140  val 0.1066  val BA 0.9714  (30.7s)
    epoch   9  train 0.0155  val 0.0818  val BA 0.9889  (29.9s)
    epoch  10  train 0.0078  val 0.0848  val BA 0.9825  (32.1s)
    epoch  11  train 0.0526  val 0.2034  val BA 0.9487  (33.6s)
    epoch  12  train 0.0100  val 0.1235  val BA 0.9650  (34.0s)
    epoch  13  train 0.0057  val 0.1148  val BA 0.9825  (28.5s)
    early stop at epoch 13 (best epoch 3, val loss 0.0794)
     checkpoint -> ./model_save/you_foulbrood/fold1_original/conformer.pt
     fold 1 test BA = 0.9905
  -- fold 2
    epoch   0  train 0.2489  val 0.1453  val BA 0.9492  (23.4s)
    epoch   1  train 0.0758  val 0.0690  val BA 0.9661  (21.4s)
    epoch   2  train 0.0418  val 0.0282  val BA 0.9915  (26.7s)
    epoch   3  train 0.0227  val 0.0151  val BA 1.0000  (23.8s)
    epoch   4  train 0.0067  val 0.0234  val BA 0.9938  (23.9s)
    epoch   5  train 0.0011  val 0.0094  val BA 1.0000  (22.2s)
    epoch   6  train 0.0060  val 0.0176  val BA 0.9915  (25.0s)
    epoch   7  train 0.0080  val 0.0083  val BA 1.0000  (24.0s)
    epoch   8  train 0.0021  val 0.0203  val BA 0.9854  (21.7s)
    epoch   9  train 0.0024  val 0.0531  val BA 0.9815  (25.4s)
    epoch  10  train 0.0514  val 0.0451  val BA 0.9915  (23.2s)
    epoch  11  train 0.0213  val 0.0283  val BA 0.9938  (27.3s)
    epoch  12  train 0.0092  val 0.0119  val BA 0.9915  (24.2s)
    epoch  13  train 0.0032  val 0.0082  val BA 0.9915  (23.1s)
    epoch  14  train 0.0007  val 0.0037  val BA 1.0000  (24.9s)
    epoch  15  train 0.0002  val 0.0019  val BA 1.0000  (26.0s)
    epoch  16  train 0.0002  val 0.0016  val BA 1.0000  (25.7s)
    epoch  17  train 0.0001  val 0.0017  val BA 1.0000  (27.2s)
    epoch  18  train 0.0001  val 0.0016  val BA 1.0000  (25.2s)
    epoch  19  train 0.0002  val 0.0012  val BA 1.0000  (24.1s)
    epoch  20  train 0.0164  val 0.0070  val BA 0.9915  (24.4s)
    epoch  21  train 0.0406  val 0.0592  val BA 0.9831  (27.3s)
    epoch  22  train 0.0454  val 0.0478  val BA 0.9831  (28.7s)
    epoch  23  train 0.0245  val 0.0236  val BA 0.9854  (27.1s)
    epoch  24  train 0.0212  val 0.0325  val BA 0.9915  (25.7s)
    epoch  25  train 0.0331  val 0.0340  val BA 0.9877  (28.0s)
    epoch  26  train 0.0426  val 0.0246  val BA 0.9938  (27.0s)
    epoch  27  train 0.0103  val 0.0296  val BA 0.9877  (26.7s)
    epoch  28  train 0.0147  val 0.0314  val BA 0.9938  (25.7s)
    epoch  29  train 0.0049  val 0.0308  val BA 0.9877  (27.3s)
    early stop at epoch 29 (best epoch 19, val loss 0.0012)
     checkpoint -> ./model_save/you_foulbrood/fold2_original/conformer.pt
/root/anaconda3/lib/python3.12/site-packages/timm/models/registry.py:4: FutureWarning: Importing from timm.models.registry is deprecated, please import via timm.models
  warnings.warn(f"Importing from {__name__} is deprecated, please import via timm.models", FutureWarning)
/root/anaconda3/lib/python3.12/site-packages/timm/models/helpers.py:7: FutureWarning: Importing from timm.models.helpers is deprecated, please import via timm.models
  warnings.warn(f"Importing from {__name__} is deprecated, please import via timm.models", FutureWarning)
     fold 2 test BA = 0.9616
  wrote ./results/oof_you_foulbrood_conformer_original.csv (1000 rows)

=== you_foulbrood / lsnet_t (ImageNet-pretrained) ===
  [lr search] lsnet_t lr=0.001
    epoch   0  train 0.2874  val 0.1808  val BA 0.9353  (29.7s)
    epoch   1  train 0.1234  val 0.0870  val BA 0.9706  (32.5s)
    epoch   2  train 0.0925  val 0.0791  val BA 0.9765  (31.0s)
    epoch   3  train 0.1003  val 0.1415  val BA 0.9298  (30.2s)
    epoch   4  train 0.0745  val 0.1165  val BA 0.9608  (27.9s)
    epoch   5  train 0.0397  val 0.0566  val BA 0.9769  (28.8s)
    epoch   6  train 0.0959  val 0.0863  val BA 0.9706  (31.0s)
    epoch   7  train 0.0635  val 0.0754  val BA 0.9824  (33.0s)
    epoch   8  train 0.0372  val 0.1089  val BA 0.9765  (33.1s)
    epoch   9  train 0.0159  val 0.0805  val BA 0.9824  (29.2s)
    epoch  10  train 0.0269  val 0.1638  val BA 0.9259  (29.3s)
    epoch  11  train 0.0579  val 0.1748  val BA 0.9706  (31.1s)
    epoch  12  train 0.0379  val 0.0776  val BA 0.9663  (32.7s)
    epoch  13  train 0.0304  val 0.1325  val BA 0.9443  (27.3s)
    epoch  14  train 0.0259  val 0.0672  val BA 0.9655  (29.4s)
    epoch  15  train 0.0134  val 0.0695  val BA 0.9824  (30.7s)
    early stop at epoch 15 (best epoch 5, val loss 0.0566)
  [lr search] lsnet_t lr=0.001 -> fold-0 val BA 0.9769
  [lr search] lsnet_t lr=0.0003
    epoch   0  train 0.4611  val 0.3470  val BA 0.8824  (29.1s)
    epoch   1  train 0.1881  val 0.1095  val BA 0.9765  (29.6s)
    epoch   2  train 0.1153  val 0.0768  val BA 0.9706  (28.7s)
    epoch   3  train 0.0787  val 0.0606  val BA 0.9765  (33.8s)
    epoch   4  train 0.0600  val 0.0592  val BA 0.9886  (29.3s)
    epoch   5  train 0.0421  val 0.0446  val BA 0.9824  (32.4s)
    epoch   6  train 0.0250  val 0.0380  val BA 0.9824  (28.1s)
    epoch   7  train 0.0290  val 0.0435  val BA 0.9827  (29.5s)
    epoch   8  train 0.0159  val 0.0388  val BA 0.9824  (28.9s)
    epoch   9  train 0.0111  val 0.0570  val BA 0.9769  (30.5s)
    epoch  10  train 0.0117  val 0.0557  val BA 0.9718  (31.2s)
    epoch  11  train 0.0073  val 0.0632  val BA 0.9769  (32.3s)
    epoch  12  train 0.0109  val 0.2124  val BA 0.9447  (31.1s)
    epoch  13  train 0.0167  val 0.1083  val BA 0.9608  (23.4s)
    epoch  14  train 0.0162  val 0.0840  val BA 0.9706  (17.7s)
    epoch  15  train 0.0209  val 0.0520  val BA 0.9882  (18.9s)
    epoch  16  train 0.0373  val 0.0599  val BA 0.9827  (19.9s)
    early stop at epoch 16 (best epoch 6, val loss 0.0380)
  [lr search] lsnet_t lr=0.0003 -> fold-0 val BA 0.9824
  [lr search] lsnet_t lr=0.0001
    epoch   0  train 0.6152  val 0.5337  val BA 0.8384  (16.3s)
    epoch   1  train 0.4270  val 0.3817  val BA 0.9122  (17.4s)
    epoch   2  train 0.3026  val 0.2347  val BA 0.9706  (22.4s)
    epoch   3  train 0.2323  val 0.1733  val BA 0.9765  (17.7s)
    epoch   4  train 0.1800  val 0.1422  val BA 0.9765  (19.4s)
    epoch   5  train 0.1540  val 0.1108  val BA 0.9765  (20.5s)
    epoch   6  train 0.1146  val 0.0993  val BA 0.9824  (19.3s)
    epoch   7  train 0.1089  val 0.0856  val BA 0.9824  (17.3s)
    epoch   8  train 0.0847  val 0.0796  val BA 0.9824  (19.3s)
    epoch   9  train 0.0796  val 0.0738  val BA 0.9827  (21.0s)
    epoch  10  train 0.0607  val 0.0710  val BA 0.9824  (28.5s)
    epoch  11  train 0.0468  val 0.0710  val BA 0.9824  (27.6s)
    epoch  12  train 0.0526  val 0.0762  val BA 0.9827  (31.7s)
    epoch  13  train 0.0347  val 0.2634  val BA 0.9772  (29.2s)
    epoch  14  train 0.0297  val 0.0664  val BA 0.9827  (27.8s)
    epoch  15  train 0.0215  val 0.0636  val BA 0.9827  (28.0s)
    epoch  16  train 0.0243  val 0.0639  val BA 0.9827  (31.1s)
    epoch  17  train 0.0303  val 0.0647  val BA 0.9827  (29.2s)
    epoch  18  train 0.0221  val 0.0637  val BA 0.9882  (30.8s)
    epoch  19  train 0.0170  val 0.0613  val BA 0.9882  (34.0s)
    epoch  20  train 0.0188  val 0.0714  val BA 0.9718  (26.3s)
    epoch  21  train 0.0171  val 0.0621  val BA 0.9827  (31.9s)
    epoch  22  train 0.0151  val 0.0663  val BA 0.9827  (31.4s)
    epoch  23  train 0.0096  val 0.0647  val BA 0.9827  (31.9s)
    epoch  24  train 0.0186  val 0.0728  val BA 0.9769  (30.3s)
    epoch  25  train 0.0196  val 0.0716  val BA 0.9882  (34.0s)
    epoch  26  train 0.0154  val 0.0723  val BA 0.9882  (23.0s)
    epoch  27  train 0.0139  val 0.0712  val BA 0.9882  (28.6s)
    epoch  28  train 0.0142  val 0.0565  val BA 0.9882  (26.3s)
    epoch  29  train 0.0120  val 0.0546  val BA 0.9882  (30.1s)
    epoch  30  train 0.0056  val 0.0510  val BA 0.9882  (33.0s)
    epoch  31  train 0.0140  val 0.0884  val BA 0.9706  (38.4s)
    epoch  32  train 0.0117  val 0.0595  val BA 0.9882  (35.3s)
    epoch  33  train 0.0073  val 0.0579  val BA 0.9882  (28.3s)
    epoch  34  train 0.0051  val 0.0614  val BA 0.9882  (30.4s)
    epoch  35  train 0.0071  val 0.0628  val BA 0.9882  (28.4s)
    epoch  36  train 0.0055  val 0.0654  val BA 0.9882  (30.3s)
    epoch  37  train 0.0106  val 0.0669  val BA 0.9882  (26.5s)
    epoch  38  train 0.0057  val 0.0691  val BA 0.9882  (32.3s)
    epoch  39  train 0.0155  val 0.0935  val BA 0.9718  (29.0s)
    epoch  40  train 0.0068  val 0.0625  val BA 0.9882  (34.5s)
    early stop at epoch 40 (best epoch 30, val loss 0.0510)
  [lr search] lsnet_t lr=0.0001 -> fold-0 val BA 0.9882
  [lr search] lsnet_t lr=3e-05
    epoch   0  train 0.6768  val 0.6759  val BA 0.6427  (33.1s)
    epoch   1  train 0.5837  val 1.1003  val BA 0.8317  (30.3s)
    epoch   2  train 0.5020  val 0.4518  val BA 0.9012  (27.1s)
    epoch   3  train 0.4522  val 0.3919  val BA 0.9529  (29.6s)
    epoch   4  train 0.3965  val 0.3384  val BA 0.9647  (30.2s)
    epoch   5  train 0.3622  val 0.2973  val BA 0.9647  (30.9s)
    epoch   6  train 0.3149  val 0.2681  val BA 0.9588  (29.7s)
    epoch   7  train 0.2918  val 0.2314  val BA 0.9647  (31.5s)
    epoch   8  train 0.2510  val 0.2081  val BA 0.9706  (33.1s)
    epoch   9  train 0.2304  val 0.1913  val BA 0.9765  (29.2s)
    epoch  10  train 0.2024  val 0.1725  val BA 0.9765  (28.6s)
    epoch  11  train 0.1889  val 0.1588  val BA 0.9765  (29.5s)
    epoch  12  train 0.1803  val 0.1430  val BA 0.9824  (29.1s)
    epoch  13  train 0.1548  val 0.1336  val BA 0.9824  (20.8s)
    epoch  14  train 0.1365  val 0.1309  val BA 0.9824  (25.3s)
    epoch  15  train 0.1319  val 0.1207  val BA 0.9824  (25.5s)
    epoch  16  train 0.1185  val 0.1154  val BA 0.9824  (28.8s)
    epoch  17  train 0.1296  val 0.1071  val BA 0.9824  (28.0s)
    epoch  18  train 0.1154  val 0.1008  val BA 0.9824  (29.5s)
    epoch  19  train 0.1056  val 0.0980  val BA 0.9824  (26.4s)
    epoch  20  train 0.0967  val 0.0989  val BA 0.9769  (25.5s)
    epoch  21  train 0.0818  val 0.0922  val BA 0.9827  (27.4s)
    epoch  22  train 0.0904  val 0.0938  val BA 0.9827  (23.0s)
    epoch  23  train 0.0674  val 0.0869  val BA 0.9827  (23.9s)
    epoch  24  train 0.0830  val 0.0872  val BA 0.9827  (25.9s)
    epoch  25  train 0.0749  val 0.0863  val BA 0.9827  (23.1s)
    epoch  26  train 0.0646  val 0.0783  val BA 0.9827  (29.0s)
    epoch  27  train 0.0551  val 0.0788  val BA 0.9769  (26.7s)
    epoch  28  train 0.0538  val 0.0845  val BA 0.9714  (30.5s)
    epoch  29  train 0.0476  val 0.0769  val BA 0.9769  (32.7s)
    epoch  30  train 0.0360  val 0.0787  val BA 0.9769  (30.1s)
    epoch  31  train 0.0553  val 0.0767  val BA 0.9769  (28.4s)
    epoch  32  train 0.0478  val 0.0784  val BA 0.9827  (29.0s)
    epoch  33  train 0.0375  val 0.0758  val BA 0.9827  (27.5s)
    epoch  34  train 0.0313  val 0.0821  val BA 0.9769  (29.5s)
    epoch  35  train 0.0337  val 0.0827  val BA 0.9769  (24.2s)
    epoch  36  train 0.0296  val 0.0742  val BA 0.9769  (30.6s)
    epoch  37  train 0.0258  val 0.0774  val BA 0.9827  (32.7s)
    epoch  38  train 0.0265  val 0.0747  val BA 0.9769  (26.2s)
    epoch  39  train 0.0398  val 0.0848  val BA 0.9827  (28.2s)
    epoch  40  train 0.0215  val 0.0759  val BA 0.9769  (32.4s)
    epoch  41  train 0.0287  val 0.0774  val BA 0.9710  (34.7s)
    epoch  42  train 0.0269  val 0.0628  val BA 0.9827  (35.9s)
    epoch  43  train 0.0238  val 0.0719  val BA 0.9827  (32.9s)
    epoch  44  train 0.0165  val 0.0646  val BA 0.9769  (36.9s)
    epoch  45  train 0.0176  val 0.0706  val BA 0.9769  (29.8s)
    epoch  46  train 0.0276  val 0.0699  val BA 0.9769  (32.8s)
    epoch  47  train 0.0199  val 0.0644  val BA 0.9769  (30.4s)
    epoch  48  train 0.0181  val 0.0656  val BA 0.9769  (29.0s)
    epoch  49  train 0.0201  val 0.0607  val BA 0.9769  (29.6s)
  [lr search] lsnet_t lr=3e-05 -> fold-0 val BA 0.9769
  selected lr=0.0001 (fold-0 val BA 0.9882); fixed for all folds
  -- fold 0
    epoch   0  train 0.6152  val 0.5337  val BA 0.8384  (28.2s)
    epoch   1  train 0.4270  val 0.3817  val BA 0.9122  (29.1s)
    epoch   2  train 0.3026  val 0.2347  val BA 0.9706  (38.9s)
    epoch   3  train 0.2323  val 0.1733  val BA 0.9765  (32.5s)
    epoch   4  train 0.1800  val 0.1422  val BA 0.9765  (36.3s)
    epoch   5  train 0.1540  val 0.1108  val BA 0.9765  (25.1s)
    epoch   6  train 0.1146  val 0.0993  val BA 0.9824  (28.1s)
    epoch   7  train 0.1089  val 0.0856  val BA 0.9824  (35.2s)
    epoch   8  train 0.0847  val 0.0796  val BA 0.9824  (24.7s)
    epoch   9  train 0.0796  val 0.0738  val BA 0.9827  (29.9s)
    epoch  10  train 0.0607  val 0.0710  val BA 0.9824  (27.9s)
    epoch  11  train 0.0468  val 0.0710  val BA 0.9824  (32.5s)
    epoch  12  train 0.0526  val 0.0762  val BA 0.9827  (30.6s)
    epoch  13  train 0.0347  val 0.2634  val BA 0.9772  (28.7s)
    epoch  14  train 0.0297  val 0.0664  val BA 0.9827  (26.3s)
    epoch  15  train 0.0215  val 0.0636  val BA 0.9827  (31.9s)
    epoch  16  train 0.0243  val 0.0639  val BA 0.9827  (29.6s)
    epoch  17  train 0.0303  val 0.0647  val BA 0.9827  (28.5s)
    epoch  18  train 0.0221  val 0.0637  val BA 0.9882  (30.5s)
    epoch  19  train 0.0170  val 0.0613  val BA 0.9882  (32.2s)
    epoch  20  train 0.0188  val 0.0714  val BA 0.9718  (24.0s)
    epoch  21  train 0.0171  val 0.0621  val BA 0.9827  (27.3s)
    epoch  22  train 0.0151  val 0.0663  val BA 0.9827  (28.9s)
    epoch  23  train 0.0096  val 0.0647  val BA 0.9827  (28.8s)
    epoch  24  train 0.0186  val 0.0728  val BA 0.9769  (28.2s)
    epoch  25  train 0.0196  val 0.0716  val BA 0.9882  (29.5s)
    epoch  26  train 0.0154  val 0.0723  val BA 0.9882  (29.0s)
    epoch  27  train 0.0139  val 0.0712  val BA 0.9882  (34.3s)
    epoch  28  train 0.0142  val 0.0565  val BA 0.9882  (35.4s)
    epoch  29  train 0.0120  val 0.0546  val BA 0.9882  (35.2s)
    epoch  30  train 0.0056  val 0.0510  val BA 0.9882  (28.0s)
    epoch  31  train 0.0140  val 0.0884  val BA 0.9706  (31.0s)
    epoch  32  train 0.0117  val 0.0595  val BA 0.9882  (28.7s)
    epoch  33  train 0.0073  val 0.0579  val BA 0.9882  (28.6s)
    epoch  34  train 0.0051  val 0.0614  val BA 0.9882  (27.6s)
    epoch  35  train 0.0071  val 0.0628  val BA 0.9882  (30.9s)
    epoch  36  train 0.0055  val 0.0654  val BA 0.9882  (27.7s)
    epoch  37  train 0.0106  val 0.0669  val BA 0.9882  (34.1s)
    epoch  38  train 0.0057  val 0.0691  val BA 0.9882  (29.7s)
    epoch  39  train 0.0155  val 0.0935  val BA 0.9718  (26.1s)
    epoch  40  train 0.0068  val 0.0625  val BA 0.9882  (29.2s)
    early stop at epoch 40 (best epoch 30, val loss 0.0510)
     checkpoint -> ./model_save/you_foulbrood/fold0_original/lsnet_t.pt
     fold 0 test BA = 0.9609
  -- fold 1
    epoch   0  train 0.5924  val 0.5510  val BA 0.8873  (24.6s)
    epoch   1  train 0.3846  val 0.3899  val BA 0.9328  (24.4s)
    epoch   2  train 0.2734  val 0.2260  val BA 0.9562  (22.7s)
    epoch   3  train 0.1971  val 0.1845  val BA 0.9609  (24.3s)
    epoch   4  train 0.1682  val 0.1554  val BA 0.9609  (27.7s)
    epoch   5  train 0.1418  val 0.1465  val BA 0.9609  (27.5s)
    epoch   6  train 0.1272  val 0.1376  val BA 0.9609  (24.2s)
    epoch   7  train 0.0997  val 0.1344  val BA 0.9609  (22.4s)
    epoch   8  train 0.0822  val 0.1188  val BA 0.9591  (36.3s)
    epoch   9  train 0.0711  val 0.1298  val BA 0.9591  (30.4s)
    epoch  10  train 0.0626  val 0.1187  val BA 0.9656  (28.9s)
    epoch  11  train 0.0763  val 0.1346  val BA 0.9527  (28.4s)
    epoch  12  train 0.0464  val 0.1302  val BA 0.9574  (33.1s)
    epoch  13  train 0.0388  val 0.1166  val BA 0.9638  (27.3s)
    epoch  14  train 0.0282  val 0.1342  val BA 0.9656  (30.1s)
    epoch  15  train 0.0265  val 0.1295  val BA 0.9656  (30.7s)
    epoch  16  train 0.0212  val 0.1016  val BA 0.9685  (29.9s)
    epoch  17  train 0.0230  val 0.1197  val BA 0.9702  (28.6s)
    epoch  18  train 0.0147  val 0.1401  val BA 0.9638  (31.8s)
    epoch  19  train 0.0225  val 0.1179  val BA 0.9428  (29.7s)
    epoch  20  train 0.0245  val 0.1224  val BA 0.9702  (32.3s)
    epoch  21  train 0.0122  val 0.1349  val BA 0.9702  (31.2s)
    epoch  22  train 0.0114  val 0.1284  val BA 0.9702  (30.7s)
    epoch  23  train 0.0097  val 0.1258  val BA 0.9685  (33.6s)
    epoch  24  train 0.0210  val 0.1263  val BA 0.9685  (29.2s)
    epoch  25  train 0.0137  val 0.1298  val BA 0.9621  (31.8s)
    epoch  26  train 0.0167  val 0.1389  val BA 0.9702  (29.9s)
    early stop at epoch 26 (best epoch 16, val loss 0.1016)
     checkpoint -> ./model_save/you_foulbrood/fold1_original/lsnet_t.pt
     fold 1 test BA = 0.9768
  -- fold 2
Traceback (most recent call last):
  File "<CODE_ROOT>/./train_cv.py", line 430, in <module>
    raise SystemExit(main())
                     ^^^^^^
  File "<CODE_ROOT>/./train_cv.py", line 384, in main
    model, best, _ = train_one(model_name, lr, tr_paths, tr_labels,
                     ^^^^^^^^^^^^^^^^^^^^^^^^^^^^^^^^^^^^^^^^^^^^^^
  File "<CODE_ROOT>/./train_cv.py", line 227, in train_one
    tr_loss, *_ = run_epoch(model, tr_loader, criterion, device, optimizer)
                  ^^^^^^^^^^^^^^^^^^^^^^^^^^^^^^^^^^^^^^^^^^^^^^^^^^^^^^^^^
  File "<CODE_ROOT>/./train_cv.py", line 180, in run_epoch
    logits = model(x)
             ^^^^^^^^
  File "/root/anaconda3/lib/python3.12/site-packages/torch/nn/modules/module.py", line 1775, in _wrapped_call_impl
    return self._call_impl(*args, **kwargs)
           ^^^^^^^^^^^^^^^^^^^^^^^^^^^^^^^^
  File "/root/anaconda3/lib/python3.12/site-packages/torch/nn/modules/module.py", line 1786, in _call_impl
    return forward_call(*args, **kwargs)
           ^^^^^^^^^^^^^^^^^^^^^^^^^^^^^
  File "<CODE_ROOT>/models/external/adapters.py", line 107, in forward
    return self.model(x)
           ^^^^^^^^^^^^^
  File "/root/anaconda3/lib/python3.12/site-packages/torch/nn/modules/module.py", line 1775, in _wrapped_call_impl
    return self._call_impl(*args, **kwargs)
           ^^^^^^^^^^^^^^^^^^^^^^^^^^^^^^^^
  File "/root/anaconda3/lib/python3.12/site-packages/torch/nn/modules/module.py", line 1786, in _call_impl
    return forward_call(*args, **kwargs)
           ^^^^^^^^^^^^^^^^^^^^^^^^^^^^^
  File "<CODE_ROOT>_external/lsnet/model/lsnet.py", line 293, in forward
    x = self.head(x)
        ^^^^^^^^^^^^
  File "/root/anaconda3/lib/python3.12/site-packages/torch/nn/modules/module.py", line 1775, in _wrapped_call_impl
    return self._call_impl(*args, **kwargs)
           ^^^^^^^^^^^^^^^^^^^^^^^^^^^^^^^^
  File "/root/anaconda3/lib/python3.12/site-packages/torch/nn/modules/module.py", line 1786, in _call_impl
    return forward_call(*args, **kwargs)
           ^^^^^^^^^^^^^^^^^^^^^^^^^^^^^
  File "/root/anaconda3/lib/python3.12/site-packages/torch/nn/modules/container.py", line 250, in forward
    input = module(input)
            ^^^^^^^^^^^^^
  File "/root/anaconda3/lib/python3.12/site-packages/torch/nn/modules/module.py", line 1775, in _wrapped_call_impl
    return self._call_impl(*args, **kwargs)
           ^^^^^^^^^^^^^^^^^^^^^^^^^^^^^^^^
  File "/root/anaconda3/lib/python3.12/site-packages/torch/nn/modules/module.py", line 1786, in _call_impl
    return forward_call(*args, **kwargs)
           ^^^^^^^^^^^^^^^^^^^^^^^^^^^^^
  File "/root/anaconda3/lib/python3.12/site-packages/torch/nn/modules/batchnorm.py", line 193, in forward
    return F.batch_norm(
           ^^^^^^^^^^^^^
  File "/root/anaconda3/lib/python3.12/site-packages/torch/nn/functional.py", line 2811, in batch_norm
    _verify_batch_size(input.size())
  File "/root/anaconda3/lib/python3.12/site-packages/torch/nn/functional.py", line 2777, in _verify_batch_size
    raise ValueError(
ValueError: Expected more than 1 value per channel when training, got input size torch.Size([1, 384])
[stop] training failed for you_foulbrood
